\BOOKMARK [0][-]{Doc-Start}{\376\377\000L\036\335\000i\000\040\000c\036\243\000m\000\040\001\241\000n}{}% 1
\BOOKMARK [0][-]{chapter*.1}{\376\377\001\020\036\301\000\040\000c\001\260\001\241\000n\000g\000\040\000c\000h\000i\000\040\000t\000i\036\277\000t}{}% 2
\BOOKMARK [0][-]{chapter*.1}{\376\377\000M\036\345\000c\000\040\000l\036\345\000c}{}% 3
\BOOKMARK [0][-]{section*.2}{\376\377\000D\000a\000n\000h\000\040\000m\036\345\000c\000\040\000c\000\341\000c\000\040\000t\036\353\000\040\000v\000i\036\277\000t\000\040\000t\036\257\000t}{}% 4
\BOOKMARK [0][-]{chapter*.6}{\376\377\000T\000\363\000m\000\040\000t\036\257\000t}{}% 5
\BOOKMARK [0][-]{chapter.1}{\376\377\000P\000h\036\247\000n\000\040\000m\036\337\000\040\001\021\036\247\000u}{}% 6
\BOOKMARK [1][-]{section.1.1}{\376\377\000T\000\355\000n\000h\000\040\000c\036\245\000p\000\040\000t\000h\000i\036\277\000t\000\040\000c\036\347\000a\000\040\001\021\036\301\000\040\000t\000\340\000i}{chapter.1}% 7
\BOOKMARK [1][-]{section.1.2}{\376\377\000M\036\345\000c\000\040\000t\000i\000\352\000u\000\040\000n\000g\000h\000i\000\352\000n\000\040\000c\036\351\000u}{chapter.1}% 8
\BOOKMARK [1][-]{section.1.3}{\376\377\000P\000h\001\260\001\241\000n\000g\000\040\000p\000h\000\341\000p\000\040\000t\000i\036\277\000p\000\040\000c\036\255\000n}{chapter.1}% 9
\BOOKMARK [1][-]{section.1.4}{\376\377\001\020\000\363\000n\000g\000\040\000g\000\363\000p\000\040\000c\036\347\000a\000\040\001\021\036\301\000\040\000t\000\340\000i}{chapter.1}% 10
\BOOKMARK [1][-]{section.1.5}{\376\377\000B\036\321\000\040\000c\036\345\000c\000\040\000l\000u\036\255\000n\000\040\000v\001\003\000n}{chapter.1}% 11
\BOOKMARK [0][-]{chapter.2}{\376\377\000T\036\325\000n\000g\000\040\000q\000u\000a\000n\000\040\000n\000g\000h\000i\000\352\000n\000\040\000c\036\351\000u}{}% 12
\BOOKMARK [1][-]{section.2.1}{\376\377\000C\001\241\000\040\000s\036\337\000\040\000l\000\375\000\040\000t\000h\000u\000y\036\277\000t}{chapter.2}% 13
\BOOKMARK [2][-]{subsection.2.1.1}{\376\377\000B\000\340\000i\000\040\000t\000o\000\341\000n\000\040\000f\000s\000l\000\040\000v\000\340\000\040\000M\000e\000t\000a\000-\000L\000e\000a\000r\000n\000i\000n\000g}{section.2.1}% 14
\BOOKMARK [2][-]{subsection.2.1.2}{\376\377\000m\000a\000m\000l}{section.2.1}% 15
\BOOKMARK [2][-]{subsection.2.1.3}{\376\377\000x\000a\000i}{section.2.1}% 16
\BOOKMARK [2][-]{subsection.2.1.4}{\376\377\000C\000o\000r\000r\000e\000c\000t\000n\000e\000s\000s\000\040\000v\000\340\000\040\000t\000r\000u\000s\000t\000w\000o\000r\000t\000h\000i\000n\000e\000s\000s\000\040\000c\036\347\000a\000\040\000m\036\331\000t\000\040\000p\000h\001\260\001\241\000n\000g\000\040\000p\000h\000\341\000p\000\040\000X\000A\000I}{section.2.1}% 17
\BOOKMARK [1][-]{section.2.2}{\376\377\000C\000\341\000c\000\040\000n\000g\000h\000i\000\352\000n\000\040\000c\036\351\000u\000\040\000l\000i\000\352\000n\000\040\000q\000u\000a\000n}{chapter.2}% 18
\BOOKMARK [2][-]{subsection.2.2.1}{\376\377\000T\000\341\000c\000\040\000v\036\345\000\040\000k\000h\000\364\000n\000g\000\040\001\021\036\323\000n\000g\000\040\000n\000h\036\245\000t\000\040\000\050\000h\000e\000t\000e\000r\000o\000g\000e\000n\000e\000o\000u\000s\000\040\000t\000a\000s\000k\000\051\000\040\000v\000\340\000\040\000h\000i\036\307\000n\000\040\000t\001\260\036\343\000n\000g\000\040\000N\000e\000g\000a\000t\000i\000v\000e\000\040\000T\000r\000a\000n\000s\000f\000e\000r}{section.2.2}% 19
\BOOKMARK [2][-]{subsection.2.2.2}{\376\377\000C\000\341\000c\000\040\000p\000h\001\260\001\241\000n\000g\000\040\000p\000h\000\341\000p\000\040\000g\000i\036\243\000i\000\040\000t\000h\000\355\000c\000h\000\040\000h\036\255\000u\000\040\000n\000g\000h\000i\036\307\000m\000\040\000d\036\361\000a\000\040\000t\000r\000\352\000n\000\040\000g\000r\000a\000d\000i\000e\000n\000t\000s\000\040\000v\000\340\000\040\000n\000h\000i\036\305\000u\000\040\000l\000o\036\241\000n}{section.2.2}% 20
\BOOKMARK [2][-]{subsection.2.2.3}{\376\377\000C\000\341\000c\000\040\000p\000h\001\260\001\241\000n\000g\000\040\000p\000h\000\341\000p\000\040\000X\000A\000I\000\040\000c\000h\000o\000\040\000M\000e\000t\000a\000-\000L\000e\000a\000r\000n\000i\000n\000g\000\040\000v\000\340\000\040\000F\000e\000w\000-\000S\000h\000o\000t\000\040\000L\000e\000a\000r\000n\000i\000n\000g}{section.2.2}% 21
\BOOKMARK [2][-]{subsection.2.2.4}{\376\377\000A\000t\000t\000r\000i\000b\000u\000t\000i\000o\000n\000\040\000d\036\361\000a\000\040\000t\000r\000\352\000n\000\040\000q\000u\036\371\000\040\001\021\036\241\000o\000\040\000h\000u\036\245\000n\000\040\000l\000u\000y\036\307\000n}{section.2.2}% 22
\BOOKMARK [2][-]{subsection.2.2.5}{\376\377\000T\036\325\000n\000g\000\040\000h\036\343\000p\000\040\000v\000\340\000\040\001\021\036\313\000n\000h\000\040\000v\036\313\000\040\000n\000g\000h\000i\000\352\000n\000\040\000c\036\351\000u}{section.2.2}% 23
\BOOKMARK [0][-]{chapter.3}{\376\377\000P\000h\001\260\001\241\000n\000g\000\040\000p\000h\000\341\000p\000\040\001\021\036\301\000\040\000x\000u\036\245\000t}{}% 24
\BOOKMARK [1][-]{section.3.1}{\376\377\000P\000h\000\341\000t\000\040\000b\000i\036\303\000u\000\040\000b\000\340\000i\000\040\000t\000o\000\341\000n}{chapter.3}% 25
\BOOKMARK [1][-]{section.3.2}{\376\377\001\020\036\331\000\040\000l\036\343\000i\000\040\000t\000h\000\355\000c\000h\000\040\036\351\000n\000g}{chapter.3}% 26
\BOOKMARK [2][-]{subsection.3.2.1}{\376\377\001\020\036\313\000n\000h\000\040\000n\000g\000h\001\051\000a}{section.3.2}% 27
\BOOKMARK [1][-]{section.3.3}{\376\377\000P\000h\001\260\001\241\000n\000g\000\040\000p\000h\000\341\000p\000\040\000f\000a\000m\000a}{chapter.3}% 28
\BOOKMARK [2][-]{subsection.3.3.1}{\376\377\000\335\000\040\000t\001\260\036\337\000n\000g\000\040\000c\036\321\000t\000\040\000l\000\365\000i}{section.3.3}% 29
\BOOKMARK [2][-]{subsection.3.3.2}{\376\377\000T\000r\036\241\000n\000g\000\040\000t\000h\000\341\000i\000\040\001\021\036\321\000i\000\040\000n\000g\036\253\000u\000\040\000v\000\340\000\040\001\021\036\307\000\040\000q\000u\000y\000\040\000n\000g\001\260\036\343\000c\000\040\000q\000u\000a\000\040\000q\000u\036\371\000\040\001\021\036\241\000o}{section.3.3}% 30
\BOOKMARK [2][-]{subsection.3.3.3}{\376\377\000T\036\353\000\040\001\021\036\241\000o\000\040\000h\000\340\000m\000\040\000t\000h\000e\000o\000\040\000S\000i\000\040\000s\000a\000n\000g\000\040\000b\036\243\000n\000\040\001\021\036\323\000\040\000p\000h\000\342\000n\000\040\000b\036\325\000\040\000t\000r\000\352\000n\000\040\000F}{section.3.3}% 31
\BOOKMARK [2][-]{subsection.3.3.4}{\376\377\001\020\036\313\000n\000h\000\040\000n\000g\000h\001\051\000a\000\040\000c\000h\000\355\000n\000h\000\040\000t\000h\036\351\000c\000\040\000F\000A\000M\000A}{section.3.3}% 32
\BOOKMARK [2][-]{subsection.3.3.5}{\376\377\000T\000h\000u\036\255\000t\000\040\000t\000o\000\341\000n\000\040\000v\000\340\000\040\001\021\036\331\000\040\000p\000h\036\351\000c\000\040\000t\036\241\000p}{section.3.3}% 33
\BOOKMARK [1][-]{section.3.4}{\376\377\000C\001\241\000\040\000s\036\337\000\040\001\021\000\341\000n\000h\000\040\000g\000i\000\341}{chapter.3}% 34
\BOOKMARK [0][-]{section.3.4}{\376\377\000T\000\340\000i\000\040\000l\000i\036\307\000u\000\040\000t\000h\000a\000m\000\040\000k\000h\036\243\000o}{}% 35
\BOOKMARK [0][-]{appendix.A}{\376\377\000C\000h\036\351\000n\000g\000\040\000m\000i\000n\000h\000\040\000M\036\307\000n\000h\000\040\001\021\036\301\000\040\0001}{}% 36
\BOOKMARK [1][-]{section.A.1}{\376\377\000K\000h\000a\000i\000\040\000t\000r\000i\036\303\000n\000\040\000T\000a\000y\000l\000o\000r}{appendix.A}% 37
\BOOKMARK [2][-]{subsection.A.1.1}{\376\377\000T\000r\001\260\036\335\000n\000g\000\040\000h\036\343\000p\000\040\000T\000=\0001\000:\000\040\000R\000h\000\040\000=\000\040\0000\000\040\000c\000h\000\355\000n\000h\000\040\000x\000\341\000c}{section.A.1}% 38
\BOOKMARK [2][-]{subsection.A.1.2}{\376\377\000T\000r\001\260\036\335\000n\000g\000\040\000h\036\343\000p\000\040\000T\000>\0001\000:\000\040\000c\036\255\000n\000\040\000R\000h\000\040\000=\000\040\000O\000\050\000\050\000T\000\051\0002\000\051}{section.A.1}% 39
