This is pdfTeX, Version 3.141592653-2.6-1.40.24 (TeX Live 2022/Debian) (preloaded format=pdflatex 2026.3.15)  17 JUL 2026 09:42
entering extended mode
 restricted \write18 enabled.
 %&-line parsing enabled.
**main.tex
(./main.tex
LaTeX2e <2022-11-01> patch level 1
L3 programming layer <2023-01-16>
(/usr/share/texlive/texmf-dist/tex/latex/extsizes/extreport.cls
Document Class: extreport 1996/10/08 v1.0 Non Standard LaTeX document class
(/usr/share/texlive/texmf-dist/tex/latex/extsizes/size14.clo
File: size14.clo 1999/11/11 v1.4a NON-Standard LaTeX file (size option)
)
(/usr/share/texlive/texmf-dist/tex/latex/base/exscale.sty
Package: exscale 2018/09/24 v2.1i Standard LaTeX package exscale
LaTeX Font Info:    Redeclaring symbol font `largesymbols' on input line 57.
LaTeX Font Info:    Overwriting symbol font `largesymbols' in version `normal'
(Font)                  OMX/cmex/m/n --> OMX/cmex/m/n on input line 57.
LaTeX Font Info:    Overwriting symbol font `largesymbols' in version `bold'
(Font)                  OMX/cmex/m/n --> OMX/cmex/m/n on input line 57.
\big@size=\dimen140
)
\c@part=\count185
\c@chapter=\count186
\c@section=\count187
\c@subsection=\count188
\c@subsubsection=\count189
\c@paragraph=\count190
\c@subparagraph=\count191
\c@figure=\count192
\c@table=\count193
\abovecaptionskip=\skip48
\belowcaptionskip=\skip49
\bibindent=\dimen141
)
(/usr/share/texlive/texmf-dist/tex/latex/base/fontenc.sty
Package: fontenc 2021/04/29 v2.0v Standard LaTeX package

(/usr/share/texlive/texmf-dist/tex/latex/vntex/t5enc.def
File: t5enc.def 2006/11/21 v1.4 Vietnamese T5 encoding
Now handling font encoding T5 ...
... processing UTF-8 mapping file for font encoding T5

(/usr/share/texlive/texmf-dist/tex/latex/vntex/t5enc.dfu
File: t5enc.dfu 2006/08/19 v1.1 UTF8 support for Vietnamese
   defining Unicode char U+00AB (decimal 171)
   defining Unicode char U+00BB (decimal 187)
   defining Unicode char U+00C0 (decimal 192)
   defining Unicode char U+00C1 (decimal 193)
   defining Unicode char U+00C2 (decimal 194)
   defining Unicode char U+00C3 (decimal 195)
   defining Unicode char U+00C8 (decimal 200)
   defining Unicode char U+00C9 (decimal 201)
   defining Unicode char U+00CA (decimal 202)
   defining Unicode char U+00CC (decimal 204)
   defining Unicode char U+00CD (decimal 205)
   defining Unicode char U+00D2 (decimal 210)
   defining Unicode char U+00D3 (decimal 211)
   defining Unicode char U+00D4 (decimal 212)
   defining Unicode char U+00D5 (decimal 213)
   defining Unicode char U+00D9 (decimal 217)
   defining Unicode char U+00DA (decimal 218)
   defining Unicode char U+00DD (decimal 221)
   defining Unicode char U+00E0 (decimal 224)
   defining Unicode char U+00E1 (decimal 225)
   defining Unicode char U+00E2 (decimal 226)
   defining Unicode char U+00E3 (decimal 227)
   defining Unicode char U+00E8 (decimal 232)
   defining Unicode char U+00E9 (decimal 233)
   defining Unicode char U+00EA (decimal 234)
   defining Unicode char U+00EC (decimal 236)
   defining Unicode char U+00ED (decimal 237)
   defining Unicode char U+00F2 (decimal 242)
   defining Unicode char U+00F3 (decimal 243)
   defining Unicode char U+00F4 (decimal 244)
   defining Unicode char U+00F5 (decimal 245)
   defining Unicode char U+00F9 (decimal 249)
   defining Unicode char U+00FA (decimal 250)
   defining Unicode char U+00FD (decimal 253)
   defining Unicode char U+0102 (decimal 258)
   defining Unicode char U+0103 (decimal 259)
   defining Unicode char U+0110 (decimal 272)
   defining Unicode char U+0111 (decimal 273)
   defining Unicode char U+0128 (decimal 296)
   defining Unicode char U+0129 (decimal 297)
   defining Unicode char U+0131 (decimal 305)
   defining Unicode char U+0168 (decimal 360)
   defining Unicode char U+0169 (decimal 361)
   defining Unicode char U+01A0 (decimal 416)
   defining Unicode char U+01A1 (decimal 417)
   defining Unicode char U+01AF (decimal 431)
   defining Unicode char U+01B0 (decimal 432)
   defining Unicode char U+1EA0 (decimal 7840)
   defining Unicode char U+1EA1 (decimal 7841)
   defining Unicode char U+1EA2 (decimal 7842)
   defining Unicode char U+1EA3 (decimal 7843)
   defining Unicode char U+1EA4 (decimal 7844)
   defining Unicode char U+1EA5 (decimal 7845)
   defining Unicode char U+1EA6 (decimal 7846)
   defining Unicode char U+1EA7 (decimal 7847)
   defining Unicode char U+1EA8 (decimal 7848)
   defining Unicode char U+1EA9 (decimal 7849)
   defining Unicode char U+1EAA (decimal 7850)
   defining Unicode char U+1EAB (decimal 7851)
   defining Unicode char U+1EAC (decimal 7852)
   defining Unicode char U+1EAD (decimal 7853)
   defining Unicode char U+1EAE (decimal 7854)
   defining Unicode char U+1EAF (decimal 7855)
   defining Unicode char U+1EB0 (decimal 7856)
   defining Unicode char U+1EB1 (decimal 7857)
   defining Unicode char U+1EB2 (decimal 7858)
   defining Unicode char U+1EB3 (decimal 7859)
   defining Unicode char U+1EB4 (decimal 7860)
   defining Unicode char U+1EB5 (decimal 7861)
   defining Unicode char U+1EB6 (decimal 7862)
   defining Unicode char U+1EB7 (decimal 7863)
   defining Unicode char U+1EB8 (decimal 7864)
   defining Unicode char U+1EB9 (decimal 7865)
   defining Unicode char U+1EBA (decimal 7866)
   defining Unicode char U+1EBB (decimal 7867)
   defining Unicode char U+1EBC (decimal 7868)
   defining Unicode char U+1EBD (decimal 7869)
   defining Unicode char U+1EBE (decimal 7870)
   defining Unicode char U+1EBF (decimal 7871)
   defining Unicode char U+1EC0 (decimal 7872)
   defining Unicode char U+1EC1 (decimal 7873)
   defining Unicode char U+1EC2 (decimal 7874)
   defining Unicode char U+1EC3 (decimal 7875)
   defining Unicode char U+1EC4 (decimal 7876)
   defining Unicode char U+1EC5 (decimal 7877)
   defining Unicode char U+1EC6 (decimal 7878)
   defining Unicode char U+1EC7 (decimal 7879)
   defining Unicode char U+1EC8 (decimal 7880)
   defining Unicode char U+1EC9 (decimal 7881)
   defining Unicode char U+1ECA (decimal 7882)
   defining Unicode char U+1ECB (decimal 7883)
   defining Unicode char U+1ECC (decimal 7884)
   defining Unicode char U+1ECD (decimal 7885)
   defining Unicode char U+1ECE (decimal 7886)
   defining Unicode char U+1ECF (decimal 7887)
   defining Unicode char U+1ED0 (decimal 7888)
   defining Unicode char U+1ED1 (decimal 7889)
   defining Unicode char U+1ED2 (decimal 7890)
   defining Unicode char U+1ED3 (decimal 7891)
   defining Unicode char U+1ED4 (decimal 7892)
   defining Unicode char U+1ED5 (decimal 7893)
   defining Unicode char U+1ED6 (decimal 7894)
   defining Unicode char U+1ED7 (decimal 7895)
   defining Unicode char U+1ED8 (decimal 7896)
   defining Unicode char U+1ED9 (decimal 7897)
   defining Unicode char U+1EDA (decimal 7898)
   defining Unicode char U+1EDB (decimal 7899)
   defining Unicode char U+1EDC (decimal 7900)
   defining Unicode char U+1EDD (decimal 7901)
   defining Unicode char U+1EDE (decimal 7902)
   defining Unicode char U+1EDF (decimal 7903)
   defining Unicode char U+1EE0 (decimal 7904)
   defining Unicode char U+1EE1 (decimal 7905)
   defining Unicode char U+1EE2 (decimal 7906)
   defining Unicode char U+1EE3 (decimal 7907)
   defining Unicode char U+1EE4 (decimal 7908)
   defining Unicode char U+1EE5 (decimal 7909)
   defining Unicode char U+1EE6 (decimal 7910)
   defining Unicode char U+1EE7 (decimal 7911)
   defining Unicode char U+1EE8 (decimal 7912)
   defining Unicode char U+1EE9 (decimal 7913)
   defining Unicode char U+1EEA (decimal 7914)
   defining Unicode char U+1EEB (decimal 7915)
   defining Unicode char U+1EEC (decimal 7916)
   defining Unicode char U+1EED (decimal 7917)
   defining Unicode char U+1EEE (decimal 7918)
   defining Unicode char U+1EEF (decimal 7919)
   defining Unicode char U+1EF0 (decimal 7920)
   defining Unicode char U+1EF1 (decimal 7921)
   defining Unicode char U+1EF2 (decimal 7922)
   defining Unicode char U+1EF3 (decimal 7923)
   defining Unicode char U+1EF4 (decimal 7924)
   defining Unicode char U+1EF5 (decimal 7925)
   defining Unicode char U+1EF6 (decimal 7926)
   defining Unicode char U+1EF7 (decimal 7927)
   defining Unicode char U+1EF8 (decimal 7928)
   defining Unicode char U+1EF9 (decimal 7929)
   defining Unicode char U+200C (decimal 8204)
   defining Unicode char U+2013 (decimal 8211)
   defining Unicode char U+2014 (decimal 8212)
   defining Unicode char U+2018 (decimal 8216)
   defining Unicode char U+2019 (decimal 8217)
   defining Unicode char U+201A (decimal 8218)
   defining Unicode char U+201C (decimal 8220)
   defining Unicode char U+201D (decimal 8221)
   defining Unicode char U+201E (decimal 8222)
   defining Unicode char U+2030 (decimal 8240)
   defining Unicode char U+2031 (decimal 8241)
   defining Unicode char U+2039 (decimal 8249)
   defining Unicode char U+203A (decimal 8250)
   defining Unicode char U+2423 (decimal 9251)
))
LaTeX Font Info:    Trying to load font information for T5+cmr on input line 11
2.

(/usr/share/texlive/texmf-dist/tex/latex/vntex/t5cmr.fd
File: t5cmr.fd 1999/05/25 v2.5h Standard LaTeX font definitions
))
(/usr/share/texlive/texmf-dist/tex/latex/base/inputenc.sty
Package: inputenc 2021/02/14 v1.3d Input encoding file
\inpenc@prehook=\toks16
\inpenc@posthook=\toks17
)
(/usr/share/texlive/texmf-dist/tex/latex/biblatex/biblatex.sty
Package: biblatex 2022/07/12 v3.18b programmable bibliographies (PK/MW)

(/usr/share/texlive/texmf-dist/tex/generic/pdftexcmds/pdftexcmds.sty
Package: pdftexcmds 2020-06-27 v0.33 Utility functions of pdfTeX for LuaTeX (HO
)

(/usr/share/texlive/texmf-dist/tex/generic/infwarerr/infwarerr.sty
Package: infwarerr 2019/12/03 v1.5 Providing info/warning/error messages (HO)
)
(/usr/share/texlive/texmf-dist/tex/generic/iftex/iftex.sty
Package: iftex 2022/02/03 v1.0f TeX engine tests
)
(/usr/share/texlive/texmf-dist/tex/generic/ltxcmds/ltxcmds.sty
Package: ltxcmds 2020-05-10 v1.25 LaTeX kernel commands for general use (HO)
)
Package pdftexcmds Info: \pdf@primitive is available.
Package pdftexcmds Info: \pdf@ifprimitive is available.
Package pdftexcmds Info: \pdfdraftmode found.
)
(/usr/share/texlive/texmf-dist/tex/latex/etoolbox/etoolbox.sty
Package: etoolbox 2020/10/05 v2.5k e-TeX tools for LaTeX (JAW)
\etb@tempcnta=\count194
)
(/usr/share/texlive/texmf-dist/tex/latex/graphics/keyval.sty
Package: keyval 2022/05/29 v1.15 key=value parser (DPC)
\KV@toks@=\toks18
)
(/usr/share/texlive/texmf-dist/tex/latex/kvoptions/kvoptions.sty
Package: kvoptions 2022-06-15 v3.15 Key value format for package options (HO)

(/usr/share/texlive/texmf-dist/tex/latex/kvsetkeys/kvsetkeys.sty
Package: kvsetkeys 2022-10-05 v1.19 Key value parser (HO)
))
(/usr/share/texlive/texmf-dist/tex/latex/logreq/logreq.sty
Package: logreq 2010/08/04 v1.0 xml request logger
\lrq@indent=\count195

(/usr/share/texlive/texmf-dist/tex/latex/logreq/logreq.def
File: logreq.def 2010/08/04 v1.0 logreq spec v1.0
))
(/usr/share/texlive/texmf-dist/tex/latex/base/ifthen.sty
Package: ifthen 2022/04/13 v1.1d Standard LaTeX ifthen package (DPC)
)
(/usr/share/texlive/texmf-dist/tex/latex/url/url.sty
\Urlmuskip=\muskip16
Package: url 2013/09/16  ver 3.4  Verb mode for urls, etc.
)
\c@tabx@nest=\count196
\c@listtotal=\count197
\c@listcount=\count198
\c@liststart=\count199
\c@liststop=\count266
\c@citecount=\count267
\c@citetotal=\count268
\c@multicitecount=\count269
\c@multicitetotal=\count270
\c@instcount=\count271
\c@maxnames=\count272
\c@minnames=\count273
\c@maxitems=\count274
\c@minitems=\count275
\c@citecounter=\count276
\c@maxcitecounter=\count277
\c@savedcitecounter=\count278
\c@uniquelist=\count279
\c@uniquename=\count280
\c@refsection=\count281
\c@refsegment=\count282
\c@maxextratitle=\count283
\c@maxextratitleyear=\count284
\c@maxextraname=\count285
\c@maxextradate=\count286
\c@maxextraalpha=\count287
\c@abbrvpenalty=\count288
\c@highnamepenalty=\count289
\c@lownamepenalty=\count290
\c@maxparens=\count291
\c@parenlevel=\count292
\blx@tempcnta=\count293
\blx@tempcntb=\count294
\blx@tempcntc=\count295
\c@blx@maxsection=\count296
\blx@maxsegment@0=\count297
\blx@notetype=\count298
\blx@parenlevel@text=\count299
\blx@parenlevel@foot=\count300
\blx@sectionciteorder@0=\count301
\blx@sectionciteorderinternal@0=\count302
\blx@entrysetcounter=\count303
\blx@biblioinstance=\count304
\labelnumberwidth=\skip50
\labelalphawidth=\skip51
\biblabelsep=\skip52
\bibitemsep=\skip53
\bibnamesep=\skip54
\bibinitsep=\skip55
\bibparsep=\skip56
\bibhang=\skip57
\blx@bcfin=\read2
\blx@bcfout=\write3
\blx@langwohyphens=\language30
\c@mincomprange=\count305
\c@maxcomprange=\count306
\c@mincompwidth=\count307
Package biblatex Info: Trying to load biblatex default data model...
Package biblatex Info: ... file 'blx-dm.def' found.

(/usr/share/texlive/texmf-dist/tex/latex/biblatex/blx-dm.def
File: blx-dm.def 2022/07/12 v3.18b biblatex localization (PK/MW)
)
Package biblatex Info: Trying to load biblatex style data model...
Package biblatex Info: ... file 'ieee.dbx' not found.
Package biblatex Info: Trying to load biblatex custom data model...
Package biblatex Info: ... file 'biblatex-dm.cfg' not found.
\c@afterword=\count308
\c@savedafterword=\count309
\c@annotator=\count310
\c@savedannotator=\count311
\c@author=\count312
\c@savedauthor=\count313
\c@bookauthor=\count314
\c@savedbookauthor=\count315
\c@commentator=\count316
\c@savedcommentator=\count317
\c@editor=\count318
\c@savededitor=\count319
\c@editora=\count320
\c@savededitora=\count321
\c@editorb=\count322
\c@savededitorb=\count323
\c@editorc=\count324
\c@savededitorc=\count325
\c@foreword=\count326
\c@savedforeword=\count327
\c@holder=\count328
\c@savedholder=\count329
\c@introduction=\count330
\c@savedintroduction=\count331
\c@namea=\count332
\c@savednamea=\count333
\c@nameb=\count334
\c@savednameb=\count335
\c@namec=\count336
\c@savednamec=\count337
\c@translator=\count338
\c@savedtranslator=\count339
\c@shortauthor=\count340
\c@savedshortauthor=\count341
\c@shorteditor=\count342
\c@savedshorteditor=\count343
\c@labelname=\count344
\c@savedlabelname=\count345
\c@institution=\count346
\c@savedinstitution=\count347
\c@lista=\count348
\c@savedlista=\count349
\c@listb=\count350
\c@savedlistb=\count351
\c@listc=\count352
\c@savedlistc=\count353
\c@listd=\count354
\c@savedlistd=\count355
\c@liste=\count356
\c@savedliste=\count357
\c@listf=\count358
\c@savedlistf=\count359
\c@location=\count360
\c@savedlocation=\count361
\c@organization=\count362
\c@savedorganization=\count363
\c@origlocation=\count364
\c@savedoriglocation=\count365
\c@origpublisher=\count366
\c@savedorigpublisher=\count367
\c@publisher=\count368
\c@savedpublisher=\count369
\c@language=\count370
\c@savedlanguage=\count371
\c@origlanguage=\count372
\c@savedoriglanguage=\count373
\c@pageref=\count374
\c@savedpageref=\count375
\shorthandwidth=\skip58
\shortjournalwidth=\skip59
\shortserieswidth=\skip60
\shorttitlewidth=\skip61
\shortauthorwidth=\skip62
\shorteditorwidth=\skip63
\locallabelnumberwidth=\skip64
\locallabelalphawidth=\skip65
\localshorthandwidth=\skip66
\localshortjournalwidth=\skip67
\localshortserieswidth=\skip68
\localshorttitlewidth=\skip69
\localshortauthorwidth=\skip70
\localshorteditorwidth=\skip71
Package biblatex Info: Trying to load compatibility code...
Package biblatex Info: ... file 'blx-compat.def' found.

(/usr/share/texlive/texmf-dist/tex/latex/biblatex/blx-compat.def
File: blx-compat.def 2022/07/12 v3.18b biblatex compatibility (PK/MW)
)
Package biblatex Info: Trying to load generic definitions...
Package biblatex Info: ... file 'biblatex.def' found.

(/usr/share/texlive/texmf-dist/tex/latex/biblatex/biblatex.def
File: biblatex.def 2022/07/12 v3.18b biblatex compatibility (PK/MW)
\c@textcitecount=\count376
\c@textcitetotal=\count377
\c@textcitemaxnames=\count378
\c@biburlbigbreakpenalty=\count379
\c@biburlbreakpenalty=\count380
\c@biburlnumpenalty=\count381
\c@biburlucpenalty=\count382
\c@biburllcpenalty=\count383
\biburlbigskip=\muskip17
\biburlnumskip=\muskip18
\biburlucskip=\muskip19
\biburllcskip=\muskip20
\c@smartand=\count384
)
Package biblatex Info: Trying to load bibliography style 'ieee'...
Package biblatex Info: ... file 'ieee.bbx' found.

(/usr/share/texlive/texmf-dist/tex/latex/biblatex-ieee/ieee.bbx
File: ieee.bbx 2021/12/06 v1.3f biblatex bibliography style
Package biblatex Info: Trying to load bibliography style 'numeric-comp'...
Package biblatex Info: ... file 'numeric-comp.bbx' found.

(/usr/share/texlive/texmf-dist/tex/latex/biblatex/bbx/numeric-comp.bbx
File: numeric-comp.bbx 2022/07/12 v3.18b biblatex bibliography style (PK/MW)
Package biblatex Info: Trying to load bibliography style 'numeric'...
Package biblatex Info: ... file 'numeric.bbx' found.

(/usr/share/texlive/texmf-dist/tex/latex/biblatex/bbx/numeric.bbx
File: numeric.bbx 2022/07/12 v3.18b biblatex bibliography style (PK/MW)
Package biblatex Info: Trying to load bibliography style 'standard'...
Package biblatex Info: ... file 'standard.bbx' found.

(/usr/share/texlive/texmf-dist/tex/latex/biblatex/bbx/standard.bbx
File: standard.bbx 2022/07/12 v3.18b biblatex bibliography style (PK/MW)
\c@bbx:relatedcount=\count385
\c@bbx:relatedtotal=\count386
))))
Package biblatex Info: Trying to load citation style 'ieee'...
Package biblatex Info: ... file 'ieee.cbx' found.

(/usr/share/texlive/texmf-dist/tex/latex/biblatex-ieee/ieee.cbx
File: ieee.cbx 2021/12/06 v1.3f biblatex citation style
Package biblatex Info: Trying to load citation style 'numeric-comp'...
Package biblatex Info: ... file 'numeric-comp.cbx' found.

(/usr/share/texlive/texmf-dist/tex/latex/biblatex/cbx/numeric-comp.cbx
File: numeric-comp.cbx 2022/07/12 v3.18b biblatex citation style (PK/MW)
\c@cbx@tempcnta=\count387
\c@cbx@tempcntb=\count388
\c@cbx@tempcntc=\count389
\c@cbx@tempcntd=\count390
Package biblatex Info: Redefining '\cite'.
Package biblatex Info: Redefining '\parencite'.
Package biblatex Info: Redefining '\footcite'.
Package biblatex Info: Redefining '\footcitetext'.
Package biblatex Info: Redefining '\smartcite'.
Package biblatex Info: Redefining '\supercite'.
Package biblatex Info: Redefining '\textcite'.
Package biblatex Info: Redefining '\textcites'.
Package biblatex Info: Redefining '\cites'.
Package biblatex Info: Redefining '\parencites'.
Package biblatex Info: Redefining '\smartcites'.
)
Package biblatex Info: Redefining '\cite'.
Package biblatex Info: Redefining '\supercite'.
Package biblatex Info: Redefining '\cites'.
)
Package biblatex Info: Trying to load configuration file...
Package biblatex Info: ... file 'biblatex.cfg' found.

(/usr/share/texlive/texmf-dist/tex/latex/biblatex/biblatex.cfg
File: biblatex.cfg 
)
Package biblatex Info: Input encoding 'utf8' detected.
Package biblatex Info: Document encoding is UTF8 ....

(/usr/share/texlive/texmf-dist/tex/latex/l3kernel/expl3.sty
Package: expl3 2023-01-16 L3 programming layer (loader) 

(/usr/share/texlive/texmf-dist/tex/latex/l3backend/l3backend-pdftex.def
File: l3backend-pdftex.def 2023-01-16 L3 backend support: PDF output (pdfTeX)
\l__color_backend_stack_int=\count391
\l__pdf_internal_box=\box51
))
Package biblatex Info: ... and expl3
(biblatex)             2023-01-16 L3 programming layer (loader) 
(biblatex)             is new enough (at least 2020/04/06),
(biblatex)             setting 'casechanger=expl3'.

(/usr/share/texlive/texmf-dist/tex/latex/biblatex/blx-case-expl3.sty
(/usr/share/texlive/texmf-dist/tex/latex/l3packages/xparse/xparse.sty
Package: xparse 2023-01-16 L3 Experimental document command parser
)
Package: blx-case-expl3 2022/07/12 v3.18b expl3 case changing code for biblatex

))
(/usr/share/texlive/texmf-dist/tex/latex/hyperref/hyperref.sty
Package: hyperref 2022-11-13 v7.00u Hypertext links for LaTeX

(/usr/share/texlive/texmf-dist/tex/generic/kvdefinekeys/kvdefinekeys.sty
Package: kvdefinekeys 2019-12-19 v1.6 Define keys (HO)
)
(/usr/share/texlive/texmf-dist/tex/generic/pdfescape/pdfescape.sty
Package: pdfescape 2019/12/09 v1.15 Implements pdfTeX's escape features (HO)
)
(/usr/share/texlive/texmf-dist/tex/latex/hycolor/hycolor.sty
Package: hycolor 2020-01-27 v1.10 Color options for hyperref/bookmark (HO)
)
(/usr/share/texlive/texmf-dist/tex/latex/letltxmacro/letltxmacro.sty
Package: letltxmacro 2019/12/03 v1.6 Let assignment for LaTeX macros (HO)
)
(/usr/share/texlive/texmf-dist/tex/latex/auxhook/auxhook.sty
Package: auxhook 2019-12-17 v1.6 Hooks for auxiliary files (HO)
)
(/usr/share/texlive/texmf-dist/tex/latex/hyperref/nameref.sty
Package: nameref 2022-05-17 v2.50 Cross-referencing by name of section

(/usr/share/texlive/texmf-dist/tex/latex/refcount/refcount.sty
Package: refcount 2019/12/15 v3.6 Data extraction from label references (HO)
)
(/usr/share/texlive/texmf-dist/tex/generic/gettitlestring/gettitlestring.sty
Package: gettitlestring 2019/12/15 v1.6 Cleanup title references (HO)
)
\c@section@level=\count392
)
\@linkdim=\dimen142
\Hy@linkcounter=\count393
\Hy@pagecounter=\count394

(/usr/share/texlive/texmf-dist/tex/latex/hyperref/pd1enc.def
File: pd1enc.def 2022-11-13 v7.00u Hyperref: PDFDocEncoding definition (HO)
Now handling font encoding PD1 ...
... no UTF-8 mapping file for font encoding PD1
)
(/usr/share/texlive/texmf-dist/tex/generic/intcalc/intcalc.sty
Package: intcalc 2019/12/15 v1.3 Expandable calculations with integers (HO)
)
(/usr/share/texlive/texmf-dist/tex/generic/etexcmds/etexcmds.sty
Package: etexcmds 2019/12/15 v1.7 Avoid name clashes with e-TeX commands (HO)
)
\Hy@SavedSpaceFactor=\count395

(/usr/share/texlive/texmf-dist/tex/latex/hyperref/puenc.def
File: puenc.def 2022-11-13 v7.00u Hyperref: PDF Unicode definition (HO)
Now handling font encoding PU ...
... no UTF-8 mapping file for font encoding PU
)
Package hyperref Info: Option `unicode' set `true' on input line 4045.
Package hyperref Info: Hyper figures OFF on input line 4162.
Package hyperref Info: Link nesting OFF on input line 4167.
Package hyperref Info: Hyper index ON on input line 4170.
Package hyperref Info: Plain pages OFF on input line 4177.
Package hyperref Info: Backreferencing OFF on input line 4182.
Package hyperref Info: Implicit mode ON; LaTeX internals redefined.
Package hyperref Info: Bookmarks ON on input line 4410.
\c@Hy@tempcnt=\count396
LaTeX Info: Redefining \url on input line 4748.
\XeTeXLinkMargin=\dimen143

(/usr/share/texlive/texmf-dist/tex/generic/bitset/bitset.sty
Package: bitset 2019/12/09 v1.3 Handle bit-vector datatype (HO)

(/usr/share/texlive/texmf-dist/tex/generic/bigintcalc/bigintcalc.sty
Package: bigintcalc 2019/12/15 v1.5 Expandable calculations on big integers (HO
)
))
\Fld@menulength=\count397
\Field@Width=\dimen144
\Fld@charsize=\dimen145
Package hyperref Info: Hyper figures OFF on input line 6027.
Package hyperref Info: Link nesting OFF on input line 6032.
Package hyperref Info: Hyper index ON on input line 6035.
Package hyperref Info: backreferencing OFF on input line 6042.
Package hyperref Info: Link coloring OFF on input line 6047.
Package hyperref Info: Link coloring with OCG OFF on input line 6052.
Package hyperref Info: PDF/A mode OFF on input line 6057.

(/usr/share/texlive/texmf-dist/tex/latex/base/atbegshi-ltx.sty
Package: atbegshi-ltx 2021/01/10 v1.0c Emulation of the original atbegshi
package with kernel methods
)
\Hy@abspage=\count398
\c@Item=\count399
\c@Hfootnote=\count400
)
Package hyperref Info: Driver (autodetected): hpdftex.

(/usr/share/texlive/texmf-dist/tex/latex/hyperref/hpdftex.def
File: hpdftex.def 2022-11-13 v7.00u Hyperref driver for pdfTeX

(/usr/share/texlive/texmf-dist/tex/latex/base/atveryend-ltx.sty
Package: atveryend-ltx 2020/08/19 v1.0a Emulation of the original atveryend pac
kage
with kernel methods
)
\Fld@listcount=\count401
\c@bookmark@seq@number=\count402

(/usr/share/texlive/texmf-dist/tex/latex/rerunfilecheck/rerunfilecheck.sty
Package: rerunfilecheck 2022-07-10 v1.10 Rerun checks for auxiliary files (HO)

(/usr/share/texlive/texmf-dist/tex/generic/uniquecounter/uniquecounter.sty
Package: uniquecounter 2019/12/15 v1.4 Provide unlimited unique counter (HO)
)
Package uniquecounter Info: New unique counter `rerunfilecheck' on input line 2
85.
)
\Hy@SectionHShift=\skip72
)
(/usr/share/texlive/texmf-dist/tex/latex/graphics/graphicx.sty
Package: graphicx 2021/09/16 v1.2d Enhanced LaTeX Graphics (DPC,SPQR)

(/usr/share/texlive/texmf-dist/tex/latex/graphics/graphics.sty
Package: graphics 2022/03/10 v1.4e Standard LaTeX Graphics (DPC,SPQR)

(/usr/share/texlive/texmf-dist/tex/latex/graphics/trig.sty
Package: trig 2021/08/11 v1.11 sin cos tan (DPC)
)
(/usr/share/texlive/texmf-dist/tex/latex/graphics-cfg/graphics.cfg
File: graphics.cfg 2016/06/04 v1.11 sample graphics configuration
)
Package graphics Info: Driver file: pdftex.def on input line 107.

(/usr/share/texlive/texmf-dist/tex/latex/graphics-def/pdftex.def
File: pdftex.def 2022/09/22 v1.2b Graphics/color driver for pdftex
))
\Gin@req@height=\dimen146
\Gin@req@width=\dimen147
)
(/usr/share/texlive/texmf-dist/tex/latex/listings/listings.sty
\lst@mode=\count403
\lst@gtempboxa=\box52
\lst@token=\toks19
\lst@length=\count404
\lst@currlwidth=\dimen148
\lst@column=\count405
\lst@pos=\count406
\lst@lostspace=\dimen149
\lst@width=\dimen150
\lst@newlines=\count407
\lst@lineno=\count408
\lst@maxwidth=\dimen151

(/usr/share/texlive/texmf-dist/tex/latex/listings/lstmisc.sty
File: lstmisc.sty 2020/03/24 1.8d (Carsten Heinz)
\c@lstnumber=\count409
\lst@skipnumbers=\count410
\lst@framebox=\box53
)
(/usr/share/texlive/texmf-dist/tex/latex/listings/listings.cfg
File: listings.cfg 2020/03/24 1.8d listings configuration
))
Package: listings 2020/03/24 1.8d (Carsten Heinz)

(/usr/share/texlive/texmf-dist/tex/latex/graphics/color.sty
Package: color 2022/01/06 v1.3d Standard LaTeX Color (DPC)

(/usr/share/texlive/texmf-dist/tex/latex/graphics-cfg/color.cfg
File: color.cfg 2016/01/02 v1.6 sample color configuration
)
Package color Info: Driver file: pdftex.def on input line 149.

(/usr/share/texlive/texmf-dist/tex/latex/graphics/mathcolor.ltx))
(/usr/share/texlive/texmf-dist/tex/latex/amsmath/amsmath.sty
Package: amsmath 2022/04/08 v2.17n AMS math features
\@mathmargin=\skip73

For additional information on amsmath, use the `?' option.
(/usr/share/texlive/texmf-dist/tex/latex/amsmath/amstext.sty
Package: amstext 2021/08/26 v2.01 AMS text

(/usr/share/texlive/texmf-dist/tex/latex/amsmath/amsgen.sty
File: amsgen.sty 1999/11/30 v2.0 generic functions
\@emptytoks=\toks20
\ex@=\dimen152
))
(/usr/share/texlive/texmf-dist/tex/latex/amsmath/amsbsy.sty
Package: amsbsy 1999/11/29 v1.2d Bold Symbols
\pmbraise@=\dimen153
)
(/usr/share/texlive/texmf-dist/tex/latex/amsmath/amsopn.sty
Package: amsopn 2022/04/08 v2.04 operator names
)
\inf@bad=\count411
LaTeX Info: Redefining \frac on input line 234.
\uproot@=\count412
\leftroot@=\count413
LaTeX Info: Redefining \overline on input line 399.
LaTeX Info: Redefining \colon on input line 410.
\classnum@=\count414
\DOTSCASE@=\count415
LaTeX Info: Redefining \ldots on input line 496.
LaTeX Info: Redefining \dots on input line 499.
LaTeX Info: Redefining \cdots on input line 620.
\Mathstrutbox@=\box54
\strutbox@=\box55
LaTeX Info: Redefining \big on input line 722.
LaTeX Info: Redefining \Big on input line 723.
LaTeX Info: Redefining \bigg on input line 724.
LaTeX Info: Redefining \Bigg on input line 725.
\big@size=\dimen154
LaTeX Font Info:    Redeclaring font encoding OML on input line 743.
LaTeX Font Info:    Redeclaring font encoding OMS on input line 744.
\macc@depth=\count416
LaTeX Info: Redefining \bmod on input line 905.
LaTeX Info: Redefining \pmod on input line 910.
LaTeX Info: Redefining \smash on input line 940.
LaTeX Info: Redefining \relbar on input line 970.
LaTeX Info: Redefining \Relbar on input line 971.
\c@MaxMatrixCols=\count417
\dotsspace@=\muskip21
\c@parentequation=\count418
\dspbrk@lvl=\count419
\tag@help=\toks21
\row@=\count420
\column@=\count421
\maxfields@=\count422
\andhelp@=\toks22
\eqnshift@=\dimen155
\alignsep@=\dimen156
\tagshift@=\dimen157
\tagwidth@=\dimen158
\totwidth@=\dimen159
\lineht@=\dimen160
\@envbody=\toks23
\multlinegap=\skip74
\multlinetaggap=\skip75
\mathdisplay@stack=\toks24
LaTeX Info: Redefining \[ on input line 2953.
LaTeX Info: Redefining \] on input line 2954.
)
(/usr/share/texlive/texmf-dist/tex/latex/amsfonts/amssymb.sty
Package: amssymb 2013/01/14 v3.01 AMS font symbols

(/usr/share/texlive/texmf-dist/tex/latex/amsfonts/amsfonts.sty
Package: amsfonts 2013/01/14 v3.01 Basic AMSFonts support
\symAMSa=\mathgroup4
\symAMSb=\mathgroup5
LaTeX Font Info:    Redeclaring math symbol \hbar on input line 98.
LaTeX Font Info:    Overwriting math alphabet `\mathfrak' in version `bold'
(Font)                  U/euf/m/n --> U/euf/b/n on input line 106.
))
(/usr/share/texlive/texmf-dist/tex/latex/algorithms/algorithm.sty
Package: algorithm 2009/08/24 v0.1 Document Style `algorithm' - floating enviro
nment

(/usr/share/texlive/texmf-dist/tex/latex/float/float.sty
Package: float 2001/11/08 v1.3d Float enhancements (AL)
\c@float@type=\count423
\float@exts=\toks25
\float@box=\box56
\@float@everytoks=\toks26
\@floatcapt=\box57
)
\@float@every@algorithm=\toks27
\c@algorithm=\count424
)
(/usr/share/texlive/texmf-dist/tex/latex/algorithmicx/algpseudocode.sty
Package: algpseudocode 

(/usr/share/texlive/texmf-dist/tex/latex/algorithmicx/algorithmicx.sty
Package: algorithmicx 2005/04/27 v1.2 Algorithmicx

Document Style algorithmicx 1.2 - a greatly improved `algorithmic' style
\c@ALG@line=\count425
\c@ALG@rem=\count426
\c@ALG@nested=\count427
\ALG@tlm=\skip76
\ALG@thistlm=\skip77
\c@ALG@Lnr=\count428
\c@ALG@blocknr=\count429
\c@ALG@storecount=\count430
\c@ALG@tmpcounter=\count431
\ALG@tmplength=\skip78
)
Document Style - pseudocode environments for use with the `algorithmicx' style
)
\c@assumption=\count432
\c@proposition=\count433
\c@theorem=\count434
\c@lemma=\count435
\c@definition=\count436
 (/usr/share/texlive/texmf-dist/tex/latex/multirow/multirow.sty
Package: multirow 2021/03/15 v2.8 Span multiple rows of a table
\multirow@colwidth=\skip79
\multirow@cntb=\count437
\multirow@dima=\skip80
\bigstrutjot=\dimen161
)
(/usr/share/texlive/texmf-dist/tex/latex/tools/array.sty
Package: array 2022/09/04 v2.5g Tabular extension package (FMi)
\col@sep=\dimen162
\ar@mcellbox=\box58
\extrarowheight=\dimen163
\NC@list=\toks28
\extratabsurround=\skip81
\backup@length=\skip82
\ar@cellbox=\box59
)
(/usr/share/texlive/texmf-dist/tex/latex/glossaries/base/glossaries.sty
Package: glossaries 2022/11/03 v4.52 (NLCT)

(/usr/share/texlive/texmf-dist/tex/latex/xkeyval/xkeyval.sty
Package: xkeyval 2022/06/16 v2.9 package option processing (HA)

(/usr/share/texlive/texmf-dist/tex/generic/xkeyval/xkeyval.tex
(/usr/share/texlive/texmf-dist/tex/generic/xkeyval/xkvutils.tex
\XKV@toks=\toks29
\XKV@tempa@toks=\toks30
)
\XKV@depth=\count438
File: xkeyval.tex 2014/12/03 v2.7a key=value parser (HA)
))
(/usr/share/texlive/texmf-dist/tex/latex/mfirstuc/mfirstuc.sty
Package: mfirstuc 2022/10/14 v2.08 (NLCT)
\@glsmfirst=\toks31
\@glsmrest=\toks32
)
(/usr/share/texlive/texmf-dist/tex/latex/xfor/xfor.sty
Package: xfor 2009/02/05 v1.05 (NLCT)
)
(/usr/share/texlive/texmf-dist/tex/latex/datatool/datatool-base.sty
Package: datatool-base 2019/09/27 v2.32 (NLCT)

(/usr/share/texlive/texmf-dist/tex/latex/substr/substr.sty
Package: substr 2009/10/20 v1.2 Handle substrings
\c@su@anzahl=\count439
)
(/usr/share/texlive/texmf-dist/tex/latex/datatool/datatool-fp.sty
Package: datatool-fp 2019/09/27 v2.32 (NLCT)

(/usr/share/texlive/texmf-dist/tex/latex/fp/fp.sty
Package: fp 1995/04/02

`Fixed Point Package', Version 0.8, April 2, 1995 (C) Michael Mehlich
(/usr/share/texlive/texmf-dist/tex/latex/fp/defpattern.sty
Package: defpattern 1994/10/12
\actioncount=\count440
)
(/usr/share/texlive/texmf-dist/tex/latex/fp/fp-basic.sty
Package: fp-basic 1996/05/13
\FP@xs=\count441
\FP@xia=\count442
\FP@xib=\count443
\FP@xfa=\count444
\FP@xfb=\count445
\FP@rega=\count446
\FP@regb=\count447
\FP@regs=\count448
\FP@times=\count449
)
(/usr/share/texlive/texmf-dist/tex/latex/fp/fp-addons.sty
Package: fp-addons 1995/03/15
)
(/usr/share/texlive/texmf-dist/tex/latex/fp/fp-snap.sty
Package: fp-snap 1995/04/05
)
(/usr/share/texlive/texmf-dist/tex/latex/fp/fp-exp.sty
Package: fp-exp 1995/04/03
)
(/usr/share/texlive/texmf-dist/tex/latex/fp/fp-trigo.sty
Package: fp-trigo 1995/04/14
)
(/usr/share/texlive/texmf-dist/tex/latex/fp/fp-pas.sty
Package: fp-pas 1994/08/29
)
(/usr/share/texlive/texmf-dist/tex/latex/fp/fp-random.sty
Package: fp-random 1995/02/23
\FPseed=\count450
)
(/usr/share/texlive/texmf-dist/tex/latex/fp/fp-eqn.sty
Package: fp-eqn 1995/04/03
)
(/usr/share/texlive/texmf-dist/tex/latex/fp/fp-upn.sty
Package: fp-upn 1996/10/21
)
(/usr/share/texlive/texmf-dist/tex/latex/fp/fp-eval.sty
Package: fp-eval 1995/04/03
)))
\@dtl@toks=\toks33
\@dtl@tmpcount=\count451
\dtl@tmplength=\skip83
\dtl@sortresult=\count452
\@dtl@numgrpsepcount=\count453
\@dtl@datatype=\count454
\dtl@codeA=\count455
\dtl@codeB=\count456
\@dtl@foreach@level=\count457
)
\gls@level=\count458
\@gls@tmpb=\toks34
\gls@tmplen=\skip84
\glskeylisttok=\toks35
\glslabeltok=\toks36
\glsshorttok=\toks37
\glslongtok=\toks38

(/usr/share/texlive/texmf-dist/tex/latex/glossaries/styles/glossary-hypernav.st
y
Package: glossary-hypernav 2022/11/03 v4.52 (NLCT)
) (/usr/share/texlive/texmf-dist/tex/latex/glossaries/styles/glossary-list.sty
Package: glossary-list 2022/11/03 v4.52 (NLCT)
\glslistdottedwidth=\skip85
) (/usr/share/texlive/texmf-dist/tex/latex/glossaries/styles/glossary-long.sty
Package: glossary-long 2022/11/03 v4.52 (NLCT)

(/usr/share/texlive/texmf-dist/tex/latex/tools/longtable.sty
Package: longtable 2021-09-01 v4.17 Multi-page Table package (DPC)
\LTleft=\skip86
\LTright=\skip87
\LTpre=\skip88
\LTpost=\skip89
\LTchunksize=\count459
\LTcapwidth=\dimen164
\LT@head=\box60
\LT@firsthead=\box61
\LT@foot=\box62
\LT@lastfoot=\box63
\LT@gbox=\box64
\LT@cols=\count460
\LT@rows=\count461
\c@LT@tables=\count462
\c@LT@chunks=\count463
\LT@p@ftn=\toks39
)
\glsdescwidth=\skip90
\glspagelistwidth=\skip91
)
(/usr/share/texlive/texmf-dist/tex/latex/glossaries/styles/glossary-super.sty
Package: glossary-super 2022/11/03 v4.52 (NLCT)

(/usr/share/texlive/texmf-dist/tex/latex/supertabular/supertabular.sty
Package: supertabular 2020/02/02 v4.1g the supertabular environment
\c@tracingst=\count464
\ST@wd=\dimen165
\ST@rightskip=\skip92
\ST@leftskip=\skip93
\ST@parfillskip=\skip94
\ST@pageleft=\dimen166
\ST@headht=\dimen167
\ST@tailht=\dimen168
\ST@pagesofar=\dimen169
\ST@pboxht=\dimen170
\ST@lineht=\dimen171
\ST@prevht=\dimen172
\ST@toadd=\dimen173
\ST@dimen=\dimen174
\ST@pbox=\box65
))
(/usr/share/texlive/texmf-dist/tex/latex/glossaries/styles/glossary-tree.sty
Package: glossary-tree 2022/11/03 v4.52 (NLCT)
\glstreeindent=\skip95
))
\glswrite=\write4
\glo@main@file=\write5
\openout5 = `main.glo'.

Package glossaries Info: Writing glossary file main.glo on input line 76.
\glo@acronym@file=\write6
\openout6 = `main.acn'.

Package glossaries Info: Writing glossary file main.acn on input line 76.

(./Glossary/glossary.tex)
(/usr/share/texlive/texmf-dist/tex/latex/titlesec/titlesec.sty
Package: titlesec 2021/07/05 v2.14 Sectioning titles
\ttl@box=\box66
\beforetitleunit=\skip96
\aftertitleunit=\skip97
\ttl@plus=\dimen175
\ttl@minus=\dimen176
\ttl@toksa=\toks40
\titlewidth=\dimen177
\titlewidthlast=\dimen178
\titlewidthfirst=\dimen179
)
(/usr/share/texlive/texmf-dist/tex/latex/setspace/setspace.sty
Package: setspace 2022/12/04 v6.7b set line spacing
)
(/usr/share/texlive/texmf-dist/tex/latex/tools/indentfirst.sty
Package: indentfirst 1995/11/23 v1.03 Indent first paragraph (DPC)
)
(/usr/share/texlive/texmf-dist/tex/latex/geometry/geometry.sty
Package: geometry 2020/01/02 v5.9 Page Geometry

(/usr/share/texlive/texmf-dist/tex/generic/iftex/ifvtex.sty
Package: ifvtex 2019/10/25 v1.7 ifvtex legacy package. Use iftex instead.
)
\Gm@cnth=\count465
\Gm@cntv=\count466
\c@Gm@tempcnt=\count467
\Gm@bindingoffset=\dimen180
\Gm@wd@mp=\dimen181
\Gm@odd@mp=\dimen182
\Gm@even@mp=\dimen183
\Gm@layoutwidth=\dimen184
\Gm@layoutheight=\dimen185
\Gm@layouthoffset=\dimen186
\Gm@layoutvoffset=\dimen187
\Gm@dimlist=\toks41
)
(/usr/share/texlive/texmf-dist/tex/latex/pdfpages/pdfpages.sty
Package: pdfpages 2022/12/19 v0.5x Insert pages of external PDF documents (AM)

(/usr/share/texlive/texmf-dist/tex/latex/tools/calc.sty
Package: calc 2017/05/25 v4.3 Infix arithmetic (KKT,FJ)
\calc@Acount=\count468
\calc@Bcount=\count469
\calc@Adimen=\dimen188
\calc@Bdimen=\dimen189
\calc@Askip=\skip98
\calc@Bskip=\skip99
LaTeX Info: Redefining \setlength on input line 80.
LaTeX Info: Redefining \addtolength on input line 81.
\calc@Ccount=\count470
\calc@Cskip=\skip100
)
(/usr/share/texlive/texmf-dist/tex/latex/eso-pic/eso-pic.sty
Package: eso-pic 2020/10/14 v3.0a eso-pic (RN)
\ESO@tempdima=\dimen190
\ESO@tempdimb=\dimen191
)
\AM@pagewidth=\dimen192
\AM@pageheight=\dimen193
\AM@fboxrule=\dimen194

(/usr/share/texlive/texmf-dist/tex/latex/pdfpages/pppdftex.def
File: pppdftex.def 2022/12/19 v0.5x Pdfpages driver for pdfTeX (AM)
)
\pdfpages@includegraphics@status=\count471
\AM@pagebox=\box67
\AM@global@opts=\toks42
\AM@pagecnt=\count472
\AM@toc@title=\toks43
\AM@lof@heading=\toks44
\c@AM@survey=\count473
\AM@templatesizebox=\box68
)
(/usr/share/texlive/texmf-dist/tex/latex/pgf/frontendlayer/tikz.sty
(/usr/share/texlive/texmf-dist/tex/latex/pgf/basiclayer/pgf.sty
(/usr/share/texlive/texmf-dist/tex/latex/pgf/utilities/pgfrcs.sty
(/usr/share/texlive/texmf-dist/tex/generic/pgf/utilities/pgfutil-common.tex
\pgfutil@everybye=\toks45
\pgfutil@tempdima=\dimen195
\pgfutil@tempdimb=\dimen196
)
(/usr/share/texlive/texmf-dist/tex/generic/pgf/utilities/pgfutil-latex.def
\pgfutil@abb=\box69
)
(/usr/share/texlive/texmf-dist/tex/generic/pgf/utilities/pgfrcs.code.tex
(/usr/share/texlive/texmf-dist/tex/generic/pgf/pgf.revision.tex)
Package: pgfrcs 2023-01-15 v3.1.10 (3.1.10)
))
Package: pgf 2023-01-15 v3.1.10 (3.1.10)

(/usr/share/texlive/texmf-dist/tex/latex/pgf/basiclayer/pgfcore.sty
(/usr/share/texlive/texmf-dist/tex/latex/pgf/systemlayer/pgfsys.sty
(/usr/share/texlive/texmf-dist/tex/generic/pgf/systemlayer/pgfsys.code.tex
Package: pgfsys 2023-01-15 v3.1.10 (3.1.10)

(/usr/share/texlive/texmf-dist/tex/generic/pgf/utilities/pgfkeys.code.tex
\pgfkeys@pathtoks=\toks46
\pgfkeys@temptoks=\toks47

(/usr/share/texlive/texmf-dist/tex/generic/pgf/utilities/pgfkeyslibraryfiltered
.code.tex
\pgfkeys@tmptoks=\toks48
))
\pgf@x=\dimen197
\pgf@y=\dimen198
\pgf@xa=\dimen199
\pgf@ya=\dimen256
\pgf@xb=\dimen257
\pgf@yb=\dimen258
\pgf@xc=\dimen259
\pgf@yc=\dimen260
\pgf@xd=\dimen261
\pgf@yd=\dimen262
\w@pgf@writea=\write7
\r@pgf@reada=\read3
\c@pgf@counta=\count474
\c@pgf@countb=\count475
\c@pgf@countc=\count476
\c@pgf@countd=\count477
\t@pgf@toka=\toks49
\t@pgf@tokb=\toks50
\t@pgf@tokc=\toks51
\pgf@sys@id@count=\count478
 (/usr/share/texlive/texmf-dist/tex/generic/pgf/systemlayer/pgf.cfg
File: pgf.cfg 2023-01-15 v3.1.10 (3.1.10)
)
Driver file for pgf: pgfsys-pdftex.def
(/usr/share/texlive/texmf-dist/tex/generic/pgf/systemlayer/pgfsys-pdftex.def
File: pgfsys-pdftex.def 2023-01-15 v3.1.10 (3.1.10)

(/usr/share/texlive/texmf-dist/tex/generic/pgf/systemlayer/pgfsys-common-pdf.de
f
File: pgfsys-common-pdf.def 2023-01-15 v3.1.10 (3.1.10)
)))
(/usr/share/texlive/texmf-dist/tex/generic/pgf/systemlayer/pgfsyssoftpath.code.
tex
File: pgfsyssoftpath.code.tex 2023-01-15 v3.1.10 (3.1.10)
\pgfsyssoftpath@smallbuffer@items=\count479
\pgfsyssoftpath@bigbuffer@items=\count480
)
(/usr/share/texlive/texmf-dist/tex/generic/pgf/systemlayer/pgfsysprotocol.code.
tex
File: pgfsysprotocol.code.tex 2023-01-15 v3.1.10 (3.1.10)
)) (/usr/share/texlive/texmf-dist/tex/latex/xcolor/xcolor.sty
Package: xcolor 2022/06/12 v2.14 LaTeX color extensions (UK)

(/usr/share/texlive/texmf-dist/tex/latex/graphics-cfg/color.cfg
File: color.cfg 2016/01/02 v1.6 sample color configuration
)
Package xcolor Info: Driver file: pdftex.def on input line 227.
LaTeX Info: Redefining \color on input line 711.

(/usr/share/texlive/texmf-dist/tex/latex/graphics/mathcolor.ltx)
Package xcolor Info: Model `cmy' substituted by `cmy0' on input line 1353.
Package xcolor Info: Model `hsb' substituted by `rgb' on input line 1357.
Package xcolor Info: Model `RGB' extended on input line 1369.
Package xcolor Info: Model `HTML' substituted by `rgb' on input line 1371.
Package xcolor Info: Model `Hsb' substituted by `hsb' on input line 1372.
Package xcolor Info: Model `tHsb' substituted by `hsb' on input line 1373.
Package xcolor Info: Model `HSB' substituted by `hsb' on input line 1374.
Package xcolor Info: Model `Gray' substituted by `gray' on input line 1375.
Package xcolor Info: Model `wave' substituted by `hsb' on input line 1376.
)
(/usr/share/texlive/texmf-dist/tex/generic/pgf/basiclayer/pgfcore.code.tex
Package: pgfcore 2023-01-15 v3.1.10 (3.1.10)

(/usr/share/texlive/texmf-dist/tex/generic/pgf/math/pgfmath.code.tex
(/usr/share/texlive/texmf-dist/tex/generic/pgf/math/pgfmathutil.code.tex)
(/usr/share/texlive/texmf-dist/tex/generic/pgf/math/pgfmathparser.code.tex
\pgfmath@dimen=\dimen263
\pgfmath@count=\count481
\pgfmath@box=\box70
\pgfmath@toks=\toks52
\pgfmath@stack@operand=\toks53
\pgfmath@stack@operation=\toks54
)
(/usr/share/texlive/texmf-dist/tex/generic/pgf/math/pgfmathfunctions.code.tex)
(/usr/share/texlive/texmf-dist/tex/generic/pgf/math/pgfmathfunctions.basic.code
.tex)
(/usr/share/texlive/texmf-dist/tex/generic/pgf/math/pgfmathfunctions.trigonomet
ric.code.tex)
(/usr/share/texlive/texmf-dist/tex/generic/pgf/math/pgfmathfunctions.random.cod
e.tex)
(/usr/share/texlive/texmf-dist/tex/generic/pgf/math/pgfmathfunctions.comparison
.code.tex)
(/usr/share/texlive/texmf-dist/tex/generic/pgf/math/pgfmathfunctions.base.code.
tex)
(/usr/share/texlive/texmf-dist/tex/generic/pgf/math/pgfmathfunctions.round.code
.tex)
(/usr/share/texlive/texmf-dist/tex/generic/pgf/math/pgfmathfunctions.misc.code.
tex)
(/usr/share/texlive/texmf-dist/tex/generic/pgf/math/pgfmathfunctions.integerari
thmetics.code.tex)
(/usr/share/texlive/texmf-dist/tex/generic/pgf/math/pgfmathcalc.code.tex)
(/usr/share/texlive/texmf-dist/tex/generic/pgf/math/pgfmathfloat.code.tex
\c@pgfmathroundto@lastzeros=\count482
))
(/usr/share/texlive/texmf-dist/tex/generic/pgf/math/pgfint.code.tex)
(/usr/share/texlive/texmf-dist/tex/generic/pgf/basiclayer/pgfcorepoints.code.te
x
File: pgfcorepoints.code.tex 2023-01-15 v3.1.10 (3.1.10)
\pgf@picminx=\dimen264
\pgf@picmaxx=\dimen265
\pgf@picminy=\dimen266
\pgf@picmaxy=\dimen267
\pgf@pathminx=\dimen268
\pgf@pathmaxx=\dimen269
\pgf@pathminy=\dimen270
\pgf@pathmaxy=\dimen271
\pgf@xx=\dimen272
\pgf@xy=\dimen273
\pgf@yx=\dimen274
\pgf@yy=\dimen275
\pgf@zx=\dimen276
\pgf@zy=\dimen277
)
(/usr/share/texlive/texmf-dist/tex/generic/pgf/basiclayer/pgfcorepathconstruct.
code.tex
File: pgfcorepathconstruct.code.tex 2023-01-15 v3.1.10 (3.1.10)
\pgf@path@lastx=\dimen278
\pgf@path@lasty=\dimen279
)
(/usr/share/texlive/texmf-dist/tex/generic/pgf/basiclayer/pgfcorepathusage.code
.tex
File: pgfcorepathusage.code.tex 2023-01-15 v3.1.10 (3.1.10)
\pgf@shorten@end@additional=\dimen280
\pgf@shorten@start@additional=\dimen281
)
(/usr/share/texlive/texmf-dist/tex/generic/pgf/basiclayer/pgfcorescopes.code.te
x
File: pgfcorescopes.code.tex 2023-01-15 v3.1.10 (3.1.10)
\pgfpic=\box71
\pgf@hbox=\box72
\pgf@layerbox@main=\box73
\pgf@picture@serial@count=\count483
)
(/usr/share/texlive/texmf-dist/tex/generic/pgf/basiclayer/pgfcoregraphicstate.c
ode.tex
File: pgfcoregraphicstate.code.tex 2023-01-15 v3.1.10 (3.1.10)
\pgflinewidth=\dimen282
)
(/usr/share/texlive/texmf-dist/tex/generic/pgf/basiclayer/pgfcoretransformation
s.code.tex
File: pgfcoretransformations.code.tex 2023-01-15 v3.1.10 (3.1.10)
\pgf@pt@x=\dimen283
\pgf@pt@y=\dimen284
\pgf@pt@temp=\dimen285
)
(/usr/share/texlive/texmf-dist/tex/generic/pgf/basiclayer/pgfcorequick.code.tex
File: pgfcorequick.code.tex 2023-01-15 v3.1.10 (3.1.10)
)
(/usr/share/texlive/texmf-dist/tex/generic/pgf/basiclayer/pgfcoreobjects.code.t
ex
File: pgfcoreobjects.code.tex 2023-01-15 v3.1.10 (3.1.10)
)
(/usr/share/texlive/texmf-dist/tex/generic/pgf/basiclayer/pgfcorepathprocessing
.code.tex
File: pgfcorepathprocessing.code.tex 2023-01-15 v3.1.10 (3.1.10)
)
(/usr/share/texlive/texmf-dist/tex/generic/pgf/basiclayer/pgfcorearrows.code.te
x
File: pgfcorearrows.code.tex 2023-01-15 v3.1.10 (3.1.10)
\pgfarrowsep=\dimen286
)
(/usr/share/texlive/texmf-dist/tex/generic/pgf/basiclayer/pgfcoreshade.code.tex
File: pgfcoreshade.code.tex 2023-01-15 v3.1.10 (3.1.10)
\pgf@max=\dimen287
\pgf@sys@shading@range@num=\count484
\pgf@shadingcount=\count485
)
(/usr/share/texlive/texmf-dist/tex/generic/pgf/basiclayer/pgfcoreimage.code.tex
File: pgfcoreimage.code.tex 2023-01-15 v3.1.10 (3.1.10)
)
(/usr/share/texlive/texmf-dist/tex/generic/pgf/basiclayer/pgfcoreexternal.code.
tex
File: pgfcoreexternal.code.tex 2023-01-15 v3.1.10 (3.1.10)
\pgfexternal@startupbox=\box74
)
(/usr/share/texlive/texmf-dist/tex/generic/pgf/basiclayer/pgfcorelayers.code.te
x
File: pgfcorelayers.code.tex 2023-01-15 v3.1.10 (3.1.10)
)
(/usr/share/texlive/texmf-dist/tex/generic/pgf/basiclayer/pgfcoretransparency.c
ode.tex
File: pgfcoretransparency.code.tex 2023-01-15 v3.1.10 (3.1.10)
)
(/usr/share/texlive/texmf-dist/tex/generic/pgf/basiclayer/pgfcorepatterns.code.
tex
File: pgfcorepatterns.code.tex 2023-01-15 v3.1.10 (3.1.10)
)
(/usr/share/texlive/texmf-dist/tex/generic/pgf/basiclayer/pgfcorerdf.code.tex
File: pgfcorerdf.code.tex 2023-01-15 v3.1.10 (3.1.10)
)))
(/usr/share/texlive/texmf-dist/tex/generic/pgf/modules/pgfmoduleshapes.code.tex
File: pgfmoduleshapes.code.tex 2023-01-15 v3.1.10 (3.1.10)
\pgfnodeparttextbox=\box75
) (/usr/share/texlive/texmf-dist/tex/generic/pgf/modules/pgfmoduleplot.code.tex
File: pgfmoduleplot.code.tex 2023-01-15 v3.1.10 (3.1.10)
)
(/usr/share/texlive/texmf-dist/tex/latex/pgf/compatibility/pgfcomp-version-0-65
.sty
Package: pgfcomp-version-0-65 2023-01-15 v3.1.10 (3.1.10)
\pgf@nodesepstart=\dimen288
\pgf@nodesepend=\dimen289
)
(/usr/share/texlive/texmf-dist/tex/latex/pgf/compatibility/pgfcomp-version-1-18
.sty
Package: pgfcomp-version-1-18 2023-01-15 v3.1.10 (3.1.10)
)) (/usr/share/texlive/texmf-dist/tex/latex/pgf/utilities/pgffor.sty
(/usr/share/texlive/texmf-dist/tex/latex/pgf/utilities/pgfkeys.sty
(/usr/share/texlive/texmf-dist/tex/generic/pgf/utilities/pgfkeys.code.tex))
(/usr/share/texlive/texmf-dist/tex/latex/pgf/math/pgfmath.sty
(/usr/share/texlive/texmf-dist/tex/generic/pgf/math/pgfmath.code.tex))
(/usr/share/texlive/texmf-dist/tex/generic/pgf/utilities/pgffor.code.tex
Package: pgffor 2023-01-15 v3.1.10 (3.1.10)
\pgffor@iter=\dimen290
\pgffor@skip=\dimen291
\pgffor@stack=\toks55
\pgffor@toks=\toks56
))
(/usr/share/texlive/texmf-dist/tex/generic/pgf/frontendlayer/tikz/tikz.code.tex
Package: tikz 2023-01-15 v3.1.10 (3.1.10)

(/usr/share/texlive/texmf-dist/tex/generic/pgf/libraries/pgflibraryplothandlers
.code.tex
File: pgflibraryplothandlers.code.tex 2023-01-15 v3.1.10 (3.1.10)
\pgf@plot@mark@count=\count486
\pgfplotmarksize=\dimen292
)
\tikz@lastx=\dimen293
\tikz@lasty=\dimen294
\tikz@lastxsaved=\dimen295
\tikz@lastysaved=\dimen296
\tikz@lastmovetox=\dimen297
\tikz@lastmovetoy=\dimen298
\tikzleveldistance=\dimen299
\tikzsiblingdistance=\dimen300
\tikz@figbox=\box76
\tikz@figbox@bg=\box77
\tikz@tempbox=\box78
\tikz@tempbox@bg=\box79
\tikztreelevel=\count487
\tikznumberofchildren=\count488
\tikznumberofcurrentchild=\count489
\tikz@fig@count=\count490

(/usr/share/texlive/texmf-dist/tex/generic/pgf/modules/pgfmodulematrix.code.tex
File: pgfmodulematrix.code.tex 2023-01-15 v3.1.10 (3.1.10)
\pgfmatrixcurrentrow=\count491
\pgfmatrixcurrentcolumn=\count492
\pgf@matrix@numberofcolumns=\count493
)
\tikz@expandcount=\count494

(/usr/share/texlive/texmf-dist/tex/generic/pgf/frontendlayer/tikz/libraries/tik
zlibrarytopaths.code.tex
File: tikzlibrarytopaths.code.tex 2023-01-15 v3.1.10 (3.1.10)
)))
(/usr/share/texlive/texmf-dist/tex/generic/pgf/frontendlayer/tikz/libraries/tik
zlibrarycalc.code.tex
File: tikzlibrarycalc.code.tex 2023-01-15 v3.1.10 (3.1.10)
)
\@quotelevel=\count495
\@quotereset=\count496
 (output/main.aux (output/Appendix/thanks.aux)
(output/Appendix/tomtat.aux) (output/Chapter1/chapter1.aux)
(output/Chapter2/chapter2.aux

LaTeX Warning: Label `fig:meta_learning_demos' multiply defined.

) (output/Chapter3/chapter3.aux) (output/Appendix/appendix1.aux))
\openout1 = `main.aux'.

LaTeX Font Info:    Checking defaults for OML/cmm/m/it on input line 135.
LaTeX Font Info:    ... okay on input line 135.
LaTeX Font Info:    Checking defaults for OMS/cmsy/m/n on input line 135.
LaTeX Font Info:    ... okay on input line 135.
LaTeX Font Info:    Checking defaults for OT1/cmr/m/n on input line 135.
LaTeX Font Info:    ... okay on input line 135.
LaTeX Font Info:    Checking defaults for T1/cmr/m/n on input line 135.
LaTeX Font Info:    ... okay on input line 135.
LaTeX Font Info:    Checking defaults for TS1/cmr/m/n on input line 135.
LaTeX Font Info:    ... okay on input line 135.
LaTeX Font Info:    Checking defaults for OMX/cmex/m/n on input line 135.
LaTeX Font Info:    ... okay on input line 135.
LaTeX Font Info:    Checking defaults for U/cmr/m/n on input line 135.
LaTeX Font Info:    ... okay on input line 135.
LaTeX Font Info:    Checking defaults for T5/cmr/m/n on input line 135.
LaTeX Font Info:    ... okay on input line 135.
LaTeX Font Info:    Checking defaults for PD1/pdf/m/n on input line 135.
LaTeX Font Info:    ... okay on input line 135.
LaTeX Font Info:    Checking defaults for PU/pdf/m/n on input line 135.
LaTeX Font Info:    ... okay on input line 135.
Package biblatex Info: Trying to load language 'english'...
Package biblatex Info: ... file 'english.lbx' found.

(/usr/share/texlive/texmf-dist/tex/latex/biblatex/lbx/english.lbx
File: english.lbx 2022/07/12 v3.18b biblatex localization (PK/MW)
)
Package biblatex Info: Input encoding 'utf8' detected.
Package biblatex Info: Automatic encoding selection.
(biblatex)             Assuming data encoding 'utf8'.
\openout3 = `main.bcf'.

Package biblatex Info: Trying to load bibliographic data...
Package biblatex Info: ... file 'main.bbl' found.

(output/main.bbl

Package biblatex Warning: The following entry could not be found
(biblatex)                in the database:
(biblatex)                chen2021hetmaml
(biblatex)                Please verify the spelling and rerun
(biblatex)                LaTeX afterwards.


Package biblatex Warning: The following entry could not be found
(biblatex)                in the database:
(biblatex)                deleu2018negative
(biblatex)                Please verify the spelling and rerun
(biblatex)                LaTeX afterwards.


Package biblatex Warning: The following entry could not be found
(biblatex)                in the database:
(biblatex)                finn2017maml
(biblatex)                Please verify the spelling and rerun
(biblatex)                LaTeX afterwards.


Package biblatex Warning: The following entry could not be found
(biblatex)                in the database:
(biblatex)                pruthi2020estimating
(biblatex)                Please verify the spelling and rerun
(biblatex)                LaTeX afterwards.


Package biblatex Warning: The following entry could not be found
(biblatex)                in the database:
(biblatex)                rajeswaran2019imaml
(biblatex)                Please verify the spelling and rerun
(biblatex)                LaTeX afterwards.


Package biblatex Warning: The following entry could not be found
(biblatex)                in the database:
(biblatex)                ribeiro2016lime
(biblatex)                Please verify the spelling and rerun
(biblatex)                LaTeX afterwards.


Package biblatex Warning: The following entry could not be found
(biblatex)                in the database:
(biblatex)                smilkov2017smoothgrad
(biblatex)                Please verify the spelling and rerun
(biblatex)                LaTeX afterwards.


Package biblatex Warning: The following entry could not be found
(biblatex)                in the database:
(biblatex)                yao2019hierarchically
(biblatex)                Please verify the spelling and rerun
(biblatex)                LaTeX afterwards.


Package biblatex Warning: The following entry could not be found
(biblatex)                in the database:
(biblatex)                yao2020automated
(biblatex)                Please verify the spelling and rerun
(biblatex)                LaTeX afterwards.

)

Package biblatex Warning: citation 'yao2019hierarchically'
(biblatex)                was not found at all in the .bbl file,
(biblatex)                bibliography labels cannot be generated,
(biblatex)                please correct the citation.


Package biblatex Warning: citation 'yao2020automated'
(biblatex)                was not found at all in the .bbl file,
(biblatex)                bibliography labels cannot be generated,
(biblatex)                please correct the citation.


Package biblatex Warning: citation 'chen2021hetmaml'
(biblatex)                was not found at all in the .bbl file,
(biblatex)                bibliography labels cannot be generated,
(biblatex)                please correct the citation.


Package biblatex Warning: citation 'deleu2018negative'
(biblatex)                was not found at all in the .bbl file,
(biblatex)                bibliography labels cannot be generated,
(biblatex)                please correct the citation.


Package biblatex Warning: citation 'smilkov2017smoothgrad'
(biblatex)                was not found at all in the .bbl file,
(biblatex)                bibliography labels cannot be generated,
(biblatex)                please correct the citation.


Package biblatex Warning: citation 'ribeiro2016lime'
(biblatex)                was not found at all in the .bbl file,
(biblatex)                bibliography labels cannot be generated,
(biblatex)                please correct the citation.


Package biblatex Warning: citation 'pruthi2020estimating'
(biblatex)                was not found at all in the .bbl file,
(biblatex)                bibliography labels cannot be generated,
(biblatex)                please correct the citation.


Package biblatex Warning: citation 'finn2017maml'
(biblatex)                was not found at all in the .bbl file,
(biblatex)                bibliography labels cannot be generated,
(biblatex)                please correct the citation.


Package biblatex Warning: citation 'rajeswaran2019imaml'
(biblatex)                was not found at all in the .bbl file,
(biblatex)                bibliography labels cannot be generated,
(biblatex)                please correct the citation.

Package biblatex Info: Reference section=0 on input line 135.
Package biblatex Info: Reference segment=0 on input line 135.
Package hyperref Info: Link coloring OFF on input line 135.
(output/main.out) (output/main.out)
\@outlinefile=\write8
\openout8 = `main.out'.


(/usr/share/texlive/texmf-dist/tex/context/base/mkii/supp-pdf.mkii
[Loading MPS to PDF converter (version 2006.09.02).]
\scratchcounter=\count497
\scratchdimen=\dimen301
\scratchbox=\box80
\nofMPsegments=\count498
\nofMParguments=\count499
\everyMPshowfont=\toks57
\MPscratchCnt=\count500
\MPscratchDim=\dimen302
\MPnumerator=\count501
\makeMPintoPDFobject=\count502
\everyMPtoPDFconversion=\toks58
) (/usr/share/texlive/texmf-dist/tex/latex/epstopdf-pkg/epstopdf-base.sty
Package: epstopdf-base 2020-01-24 v2.11 Base part for package epstopdf
Package epstopdf-base Info: Redefining graphics rule for `.eps' on input line 4
85.

(/usr/share/texlive/texmf-dist/tex/latex/latexconfig/epstopdf-sys.cfg
File: epstopdf-sys.cfg 2010/07/13 v1.3 Configuration of (r)epstopdf for TeX Liv
e
))
\c@lstlisting=\count503

*geometry* driver: auto-detecting
*geometry* detected driver: pdftex
*geometry* verbose mode - [ preamble ] result:
* driver: pdftex
* paper: a4paper
* layout: <same size as paper>
* layoutoffset:(h,v)=(0.0pt,0.0pt)
* modes: includefoot 
* h-part:(L,W,R)=(85.35826pt, 455.24411pt, 56.9055pt)
* v-part:(T,H,B)=(56.9055pt, 759.6886pt, 28.45274pt)
* \paperwidth=597.50787pt
* \paperheight=845.04684pt
* \textwidth=455.24411pt
* \textheight=717.00948pt
* \oddsidemargin=13.08827pt
* \evensidemargin=13.08827pt
* \topmargin=-54.36449pt
* \headheight=14.0pt
* \headsep=25.0pt
* \topskip=14.0pt
* \footskip=42.67912pt
* \marginparwidth=15.0pt
* \marginparsep=10.0pt
* \columnsep=10.0pt
* \skip\footins=12.0pt plus 4.0pt minus 2.0pt
* \hoffset=0.0pt
* \voffset=0.0pt
* \mag=1000
* \@twocolumnfalse
* \@twosidefalse
* \@mparswitchfalse
* \@reversemarginfalse
* (1in=72.27pt=25.4mm, 1cm=28.453pt)

(/usr/share/texlive/texmf-dist/tex/latex/pdflscape/pdflscape.sty
Package: pdflscape 2022-10-27 v0.13 Display of landscape pages in PDF

(/usr/share/texlive/texmf-dist/tex/latex/pdflscape/pdflscape-nometadata.sty
Package: pdflscape-nometadata 2022-10-28 v0.13 Display of landscape pages in PD
F (HO)

(/usr/share/texlive/texmf-dist/tex/latex/graphics/lscape.sty
Package: lscape 2020/05/28 v3.02 Landscape Pages (DPC)
)
Package pdflscape Info: Auto-detected driver: pdftex on input line 81.
))
(./Title/title.tex [1

\openout4 = `main.ist'.

{/var/lib/texmf/fonts/map/pdftex/updmap/pdftex.map}]
[2])
\openout2 = `Appendix/thanks.aux'.

 (./Appendix/thanks.tex) [1


]
<25D2-KL-KHMT03_DeCuong_16032026.pdf, id=176, 614.295pt x 794.97pt>
File: 25D2-KL-KHMT03_DeCuong_16032026.pdf Graphic file (type pdf)
<use 25D2-KL-KHMT03_DeCuong_16032026.pdf>
Package pdftex.def Info: 25D2-KL-KHMT03_DeCuong_16032026.pdf  used on input lin
e 149.
(pdftex.def)             Requested size: 614.29349pt x 794.96806pt.
File: 25D2-KL-KHMT03_DeCuong_16032026.pdf Graphic file (type pdf)
<use 25D2-KL-KHMT03_DeCuong_16032026.pdf>
Package pdftex.def Info: 25D2-KL-KHMT03_DeCuong_16032026.pdf  used on input lin
e 149.
(pdftex.def)             Requested size: 614.29349pt x 794.96806pt.
<25D2-KL-KHMT03_DeCuong_16032026.pdf, id=179, page=1, 614.295pt x 794.97pt>
File: 25D2-KL-KHMT03_DeCuong_16032026.pdf Graphic file (type pdf)
<use 25D2-KL-KHMT03_DeCuong_16032026.pdf, page 1>
Package pdftex.def Info: 25D2-KL-KHMT03_DeCuong_16032026.pdf , page1 used on in
put line 149.
(pdftex.def)             Requested size: 614.29349pt x 794.96806pt.
File: 25D2-KL-KHMT03_DeCuong_16032026.pdf Graphic file (type pdf)
<use 25D2-KL-KHMT03_DeCuong_16032026.pdf, page 1>
Package pdftex.def Info: 25D2-KL-KHMT03_DeCuong_16032026.pdf , page1 used on in
put line 149.
(pdftex.def)             Requested size: 597.78697pt x 773.60669pt.
File: 25D2-KL-KHMT03_DeCuong_16032026.pdf Graphic file (type pdf)
<use 25D2-KL-KHMT03_DeCuong_16032026.pdf, page 1>
Package pdftex.def Info: 25D2-KL-KHMT03_DeCuong_16032026.pdf , page1 used on in
put line 149.
(pdftex.def)             Requested size: 597.78697pt x 773.60669pt.
File: 25D2-KL-KHMT03_DeCuong_16032026.pdf Graphic file (type pdf)
<use 25D2-KL-KHMT03_DeCuong_16032026.pdf, page 1>
Package pdftex.def Info: 25D2-KL-KHMT03_DeCuong_16032026.pdf , page1 used on in
put line 149.
(pdftex.def)             Requested size: 597.78697pt x 773.60669pt.
File: 25D2-KL-KHMT03_DeCuong_16032026.pdf Graphic file (type pdf)
<use 25D2-KL-KHMT03_DeCuong_16032026.pdf, page 1>
Package pdftex.def Info: 25D2-KL-KHMT03_DeCuong_16032026.pdf , page1 used on in
put line 149.
(pdftex.def)             Requested size: 597.78697pt x 773.60669pt.
 [2


 <./25D2-KL-KHMT03_DeCuong_16032026.pdf>]
<25D2-KL-KHMT03_DeCuong_16032026.pdf, id=225, page=2, 614.295pt x 794.97pt>
File: 25D2-KL-KHMT03_DeCuong_16032026.pdf Graphic file (type pdf)
<use 25D2-KL-KHMT03_DeCuong_16032026.pdf, page 2>
Package pdftex.def Info: 25D2-KL-KHMT03_DeCuong_16032026.pdf , page2 used on in
put line 149.
(pdftex.def)             Requested size: 597.78697pt x 773.60669pt.
File: 25D2-KL-KHMT03_DeCuong_16032026.pdf Graphic file (type pdf)
<use 25D2-KL-KHMT03_DeCuong_16032026.pdf, page 2>
Package pdftex.def Info: 25D2-KL-KHMT03_DeCuong_16032026.pdf , page2 used on in
put line 149.
(pdftex.def)             Requested size: 597.78697pt x 773.60669pt.
File: 25D2-KL-KHMT03_DeCuong_16032026.pdf Graphic file (type pdf)
<use 25D2-KL-KHMT03_DeCuong_16032026.pdf, page 2>
Package pdftex.def Info: 25D2-KL-KHMT03_DeCuong_16032026.pdf , page2 used on in
put line 149.
(pdftex.def)             Requested size: 597.78697pt x 773.60669pt.

[3 <./25D2-KL-KHMT03_DeCuong_16032026.pdf>]
<25D2-KL-KHMT03_DeCuong_16032026.pdf, id=230, page=3, 614.295pt x 794.97pt>
File: 25D2-KL-KHMT03_DeCuong_16032026.pdf Graphic file (type pdf)
<use 25D2-KL-KHMT03_DeCuong_16032026.pdf, page 3>
Package pdftex.def Info: 25D2-KL-KHMT03_DeCuong_16032026.pdf , page3 used on in
put line 149.
(pdftex.def)             Requested size: 597.78697pt x 773.60669pt.
File: 25D2-KL-KHMT03_DeCuong_16032026.pdf Graphic file (type pdf)
<use 25D2-KL-KHMT03_DeCuong_16032026.pdf, page 3>
Package pdftex.def Info: 25D2-KL-KHMT03_DeCuong_16032026.pdf , page3 used on in
put line 149.
(pdftex.def)             Requested size: 597.78697pt x 773.60669pt.
File: 25D2-KL-KHMT03_DeCuong_16032026.pdf Graphic file (type pdf)
<use 25D2-KL-KHMT03_DeCuong_16032026.pdf, page 3>
Package pdftex.def Info: 25D2-KL-KHMT03_DeCuong_16032026.pdf , page3 used on in
put line 149.
(pdftex.def)             Requested size: 597.78697pt x 773.60669pt.
 [4 <./25D2-KL-KHMT03_DeCuong_16032026.pdf>]
<25D2-KL-KHMT03_DeCuong_16032026.pdf, id=235, page=4, 614.295pt x 794.97pt>
File: 25D2-KL-KHMT03_DeCuong_16032026.pdf Graphic file (type pdf)
<use 25D2-KL-KHMT03_DeCuong_16032026.pdf, page 4>
Package pdftex.def Info: 25D2-KL-KHMT03_DeCuong_16032026.pdf , page4 used on in
put line 149.
(pdftex.def)             Requested size: 597.78697pt x 773.60669pt.
File: 25D2-KL-KHMT03_DeCuong_16032026.pdf Graphic file (type pdf)
<use 25D2-KL-KHMT03_DeCuong_16032026.pdf, page 4>
Package pdftex.def Info: 25D2-KL-KHMT03_DeCuong_16032026.pdf , page4 used on in
put line 149.
(pdftex.def)             Requested size: 597.78697pt x 773.60669pt.
File: 25D2-KL-KHMT03_DeCuong_16032026.pdf Graphic file (type pdf)
<use 25D2-KL-KHMT03_DeCuong_16032026.pdf, page 4>
Package pdftex.def Info: 25D2-KL-KHMT03_DeCuong_16032026.pdf , page4 used on in
put line 149.
(pdftex.def)             Requested size: 597.78697pt x 773.60669pt.
 [5 <./25D2-KL-KHMT03_DeCuong_16032026.pdf>]
<25D2-KL-KHMT03_DeCuong_16032026.pdf, id=241, page=5, 614.295pt x 794.97pt>
File: 25D2-KL-KHMT03_DeCuong_16032026.pdf Graphic file (type pdf)
<use 25D2-KL-KHMT03_DeCuong_16032026.pdf, page 5>
Package pdftex.def Info: 25D2-KL-KHMT03_DeCuong_16032026.pdf , page5 used on in
put line 149.
(pdftex.def)             Requested size: 597.78697pt x 773.60669pt.
File: 25D2-KL-KHMT03_DeCuong_16032026.pdf Graphic file (type pdf)
<use 25D2-KL-KHMT03_DeCuong_16032026.pdf, page 5>
Package pdftex.def Info: 25D2-KL-KHMT03_DeCuong_16032026.pdf , page5 used on in
put line 149.
(pdftex.def)             Requested size: 597.78697pt x 773.60669pt.
File: 25D2-KL-KHMT03_DeCuong_16032026.pdf Graphic file (type pdf)
<use 25D2-KL-KHMT03_DeCuong_16032026.pdf, page 5>
Package pdftex.def Info: 25D2-KL-KHMT03_DeCuong_16032026.pdf , page5 used on in
put line 149.
(pdftex.def)             Requested size: 597.78697pt x 773.60669pt.
 [6 <./25D2-KL-KHMT03_DeCuong_16032026.pdf>]
<25D2-KL-KHMT03_DeCuong_16032026.pdf, id=259, page=6, 614.295pt x 794.97pt>
File: 25D2-KL-KHMT03_DeCuong_16032026.pdf Graphic file (type pdf)
<use 25D2-KL-KHMT03_DeCuong_16032026.pdf, page 6>
Package pdftex.def Info: 25D2-KL-KHMT03_DeCuong_16032026.pdf , page6 used on in
put line 149.
(pdftex.def)             Requested size: 597.78697pt x 773.60669pt.
File: 25D2-KL-KHMT03_DeCuong_16032026.pdf Graphic file (type pdf)
<use 25D2-KL-KHMT03_DeCuong_16032026.pdf, page 6>
Package pdftex.def Info: 25D2-KL-KHMT03_DeCuong_16032026.pdf , page6 used on in
put line 149.
(pdftex.def)             Requested size: 597.78697pt x 773.60669pt.
File: 25D2-KL-KHMT03_DeCuong_16032026.pdf Graphic file (type pdf)
<use 25D2-KL-KHMT03_DeCuong_16032026.pdf, page 6>
Package pdftex.def Info: 25D2-KL-KHMT03_DeCuong_16032026.pdf , page6 used on in
put line 149.
(pdftex.def)             Requested size: 597.78697pt x 773.60669pt.
 [7 <./25D2-KL-KHMT03_DeCuong_16032026.pdf>]
<25D2-KL-KHMT03_DeCuong_16032026.pdf, id=271, page=7, 614.295pt x 794.97pt>
File: 25D2-KL-KHMT03_DeCuong_16032026.pdf Graphic file (type pdf)
<use 25D2-KL-KHMT03_DeCuong_16032026.pdf, page 7>
Package pdftex.def Info: 25D2-KL-KHMT03_DeCuong_16032026.pdf , page7 used on in
put line 149.
(pdftex.def)             Requested size: 597.78697pt x 773.60669pt.
File: 25D2-KL-KHMT03_DeCuong_16032026.pdf Graphic file (type pdf)
<use 25D2-KL-KHMT03_DeCuong_16032026.pdf, page 7>
Package pdftex.def Info: 25D2-KL-KHMT03_DeCuong_16032026.pdf , page7 used on in
put line 149.
(pdftex.def)             Requested size: 597.78697pt x 773.60669pt.
File: 25D2-KL-KHMT03_DeCuong_16032026.pdf Graphic file (type pdf)
<use 25D2-KL-KHMT03_DeCuong_16032026.pdf, page 7>
Package pdftex.def Info: 25D2-KL-KHMT03_DeCuong_16032026.pdf , page7 used on in
put line 149.
(pdftex.def)             Requested size: 597.78697pt x 773.60669pt.
 [8 <./25D2-KL-KHMT03_DeCuong_16032026.pdf>]
<25D2-KL-KHMT03_DeCuong_16032026.pdf, id=300, page=8, 614.295pt x 794.97pt>
File: 25D2-KL-KHMT03_DeCuong_16032026.pdf Graphic file (type pdf)
<use 25D2-KL-KHMT03_DeCuong_16032026.pdf, page 8>
Package pdftex.def Info: 25D2-KL-KHMT03_DeCuong_16032026.pdf , page8 used on in
put line 149.
(pdftex.def)             Requested size: 597.78697pt x 773.60669pt.
File: 25D2-KL-KHMT03_DeCuong_16032026.pdf Graphic file (type pdf)
<use 25D2-KL-KHMT03_DeCuong_16032026.pdf, page 8>
Package pdftex.def Info: 25D2-KL-KHMT03_DeCuong_16032026.pdf , page8 used on in
put line 149.
(pdftex.def)             Requested size: 597.78697pt x 773.60669pt.
File: 25D2-KL-KHMT03_DeCuong_16032026.pdf Graphic file (type pdf)
<use 25D2-KL-KHMT03_DeCuong_16032026.pdf, page 8>
Package pdftex.def Info: 25D2-KL-KHMT03_DeCuong_16032026.pdf , page8 used on in
put line 149.
(pdftex.def)             Requested size: 597.78697pt x 773.60669pt.
 [9 <./25D2-KL-KHMT03_DeCuong_16032026.pdf>]
<25D2-KL-KHMT03_DeCuong_16032026.pdf, id=344, page=9, 614.295pt x 794.97pt>
File: 25D2-KL-KHMT03_DeCuong_16032026.pdf Graphic file (type pdf)
<use 25D2-KL-KHMT03_DeCuong_16032026.pdf, page 9>
Package pdftex.def Info: 25D2-KL-KHMT03_DeCuong_16032026.pdf , page9 used on in
put line 149.
(pdftex.def)             Requested size: 597.78697pt x 773.60669pt.
File: 25D2-KL-KHMT03_DeCuong_16032026.pdf Graphic file (type pdf)
<use 25D2-KL-KHMT03_DeCuong_16032026.pdf, page 9>
Package pdftex.def Info: 25D2-KL-KHMT03_DeCuong_16032026.pdf , page9 used on in
put line 149.
(pdftex.def)             Requested size: 597.78697pt x 773.60669pt.
File: 25D2-KL-KHMT03_DeCuong_16032026.pdf Graphic file (type pdf)
<use 25D2-KL-KHMT03_DeCuong_16032026.pdf, page 9>
Package pdftex.def Info: 25D2-KL-KHMT03_DeCuong_16032026.pdf , page9 used on in
put line 149.
(pdftex.def)             Requested size: 597.78697pt x 773.60669pt.
 [10 <./25D2-KL-KHMT03_DeCuong_16032026.pdf>]
<25D2-KL-KHMT03_DeCuong_16032026.pdf, id=352, page=10, 614.295pt x 794.97pt>
File: 25D2-KL-KHMT03_DeCuong_16032026.pdf Graphic file (type pdf)
<use 25D2-KL-KHMT03_DeCuong_16032026.pdf, page 10>
Package pdftex.def Info: 25D2-KL-KHMT03_DeCuong_16032026.pdf , page10 used on i
nput line 149.
(pdftex.def)             Requested size: 597.78697pt x 773.60669pt.
File: 25D2-KL-KHMT03_DeCuong_16032026.pdf Graphic file (type pdf)
<use 25D2-KL-KHMT03_DeCuong_16032026.pdf, page 10>
Package pdftex.def Info: 25D2-KL-KHMT03_DeCuong_16032026.pdf , page10 used on i
nput line 149.
(pdftex.def)             Requested size: 597.78697pt x 773.60669pt.
File: 25D2-KL-KHMT03_DeCuong_16032026.pdf Graphic file (type pdf)
<use 25D2-KL-KHMT03_DeCuong_16032026.pdf, page 10>
Package pdftex.def Info: 25D2-KL-KHMT03_DeCuong_16032026.pdf , page10 used on i
nput line 149.
(pdftex.def)             Requested size: 597.78697pt x 773.60669pt.
 [11 <./25D2-KL-KHMT03_DeCuong_16032026.pdf>]
<25D2-KL-KHMT03_DeCuong_16032026.pdf, id=358, page=11, 614.295pt x 794.97pt>
File: 25D2-KL-KHMT03_DeCuong_16032026.pdf Graphic file (type pdf)
<use 25D2-KL-KHMT03_DeCuong_16032026.pdf, page 11>
Package pdftex.def Info: 25D2-KL-KHMT03_DeCuong_16032026.pdf , page11 used on i
nput line 149.
(pdftex.def)             Requested size: 597.78697pt x 773.60669pt.
File: 25D2-KL-KHMT03_DeCuong_16032026.pdf Graphic file (type pdf)
<use 25D2-KL-KHMT03_DeCuong_16032026.pdf, page 11>
Package pdftex.def Info: 25D2-KL-KHMT03_DeCuong_16032026.pdf , page11 used on i
nput line 149.
(pdftex.def)             Requested size: 597.78697pt x 773.60669pt.
File: 25D2-KL-KHMT03_DeCuong_16032026.pdf Graphic file (type pdf)
<use 25D2-KL-KHMT03_DeCuong_16032026.pdf, page 11>
Package pdftex.def Info: 25D2-KL-KHMT03_DeCuong_16032026.pdf , page11 used on i
nput line 149.
(pdftex.def)             Requested size: 597.78697pt x 773.60669pt.
 [12 <./25D2-KL-KHMT03_DeCuong_16032026.pdf>]
<25D2-KL-KHMT03_DeCuong_16032026.pdf, id=372, page=12, 614.295pt x 794.97pt>
File: 25D2-KL-KHMT03_DeCuong_16032026.pdf Graphic file (type pdf)
<use 25D2-KL-KHMT03_DeCuong_16032026.pdf, page 12>
Package pdftex.def Info: 25D2-KL-KHMT03_DeCuong_16032026.pdf , page12 used on i
nput line 149.
(pdftex.def)             Requested size: 597.78697pt x 773.60669pt.
File: 25D2-KL-KHMT03_DeCuong_16032026.pdf Graphic file (type pdf)
<use 25D2-KL-KHMT03_DeCuong_16032026.pdf, page 12>
Package pdftex.def Info: 25D2-KL-KHMT03_DeCuong_16032026.pdf , page12 used on i
nput line 149.
(pdftex.def)             Requested size: 597.78697pt x 773.60669pt.
File: 25D2-KL-KHMT03_DeCuong_16032026.pdf Graphic file (type pdf)
<use 25D2-KL-KHMT03_DeCuong_16032026.pdf, page 12>
Package pdftex.def Info: 25D2-KL-KHMT03_DeCuong_16032026.pdf , page12 used on i
nput line 149.
(pdftex.def)             Requested size: 597.78697pt x 773.60669pt.
 [13 <./25D2-KL-KHMT03_DeCuong_16032026.pdf>]
<25D2-KL-KHMT03_DeCuong_16032026.pdf, id=377, page=13, 614.295pt x 794.97pt>
File: 25D2-KL-KHMT03_DeCuong_16032026.pdf Graphic file (type pdf)
<use 25D2-KL-KHMT03_DeCuong_16032026.pdf, page 13>
Package pdftex.def Info: 25D2-KL-KHMT03_DeCuong_16032026.pdf , page13 used on i
nput line 149.
(pdftex.def)             Requested size: 597.78697pt x 773.60669pt.
File: 25D2-KL-KHMT03_DeCuong_16032026.pdf Graphic file (type pdf)
<use 25D2-KL-KHMT03_DeCuong_16032026.pdf, page 13>
Package pdftex.def Info: 25D2-KL-KHMT03_DeCuong_16032026.pdf , page13 used on i
nput line 149.
(pdftex.def)             Requested size: 597.78697pt x 773.60669pt.
File: 25D2-KL-KHMT03_DeCuong_16032026.pdf Graphic file (type pdf)
<use 25D2-KL-KHMT03_DeCuong_16032026.pdf, page 13>
Package pdftex.def Info: 25D2-KL-KHMT03_DeCuong_16032026.pdf , page13 used on i
nput line 149.
(pdftex.def)             Requested size: 597.78697pt x 773.60669pt.
 [14 <./25D2-KL-KHMT03_DeCuong_16032026.pdf>]
<25D2-KL-KHMT03_DeCuong_16032026.pdf, id=382, page=14, 614.295pt x 794.97pt>
File: 25D2-KL-KHMT03_DeCuong_16032026.pdf Graphic file (type pdf)
<use 25D2-KL-KHMT03_DeCuong_16032026.pdf, page 14>
Package pdftex.def Info: 25D2-KL-KHMT03_DeCuong_16032026.pdf , page14 used on i
nput line 149.
(pdftex.def)             Requested size: 597.78697pt x 773.60669pt.
File: 25D2-KL-KHMT03_DeCuong_16032026.pdf Graphic file (type pdf)
<use 25D2-KL-KHMT03_DeCuong_16032026.pdf, page 14>
Package pdftex.def Info: 25D2-KL-KHMT03_DeCuong_16032026.pdf , page14 used on i
nput line 149.
(pdftex.def)             Requested size: 597.78697pt x 773.60669pt.
File: 25D2-KL-KHMT03_DeCuong_16032026.pdf Graphic file (type pdf)
<use 25D2-KL-KHMT03_DeCuong_16032026.pdf, page 14>
Package pdftex.def Info: 25D2-KL-KHMT03_DeCuong_16032026.pdf , page14 used on i
nput line 149.
(pdftex.def)             Requested size: 597.78697pt x 773.60669pt.
 [15 <./25D2-KL-KHMT03_DeCuong_16032026.pdf>]
<25D2-KL-KHMT03_DeCuong_16032026.pdf, id=387, page=15, 614.295pt x 794.97pt>
File: 25D2-KL-KHMT03_DeCuong_16032026.pdf Graphic file (type pdf)
<use 25D2-KL-KHMT03_DeCuong_16032026.pdf, page 15>
Package pdftex.def Info: 25D2-KL-KHMT03_DeCuong_16032026.pdf , page15 used on i
nput line 149.
(pdftex.def)             Requested size: 597.78697pt x 773.60669pt.
File: 25D2-KL-KHMT03_DeCuong_16032026.pdf Graphic file (type pdf)
<use 25D2-KL-KHMT03_DeCuong_16032026.pdf, page 15>
Package pdftex.def Info: 25D2-KL-KHMT03_DeCuong_16032026.pdf , page15 used on i
nput line 149.
(pdftex.def)             Requested size: 597.78697pt x 773.60669pt.
File: 25D2-KL-KHMT03_DeCuong_16032026.pdf Graphic file (type pdf)
<use 25D2-KL-KHMT03_DeCuong_16032026.pdf, page 15>
Package pdftex.def Info: 25D2-KL-KHMT03_DeCuong_16032026.pdf , page15 used on i
nput line 149.
(pdftex.def)             Requested size: 597.78697pt x 773.60669pt.
 [16 <./25D2-KL-KHMT03_DeCuong_16032026.pdf>]
<25D2-KL-KHMT03_DeCuong_16032026.pdf, id=393, page=16, 614.295pt x 794.97pt>
File: 25D2-KL-KHMT03_DeCuong_16032026.pdf Graphic file (type pdf)
<use 25D2-KL-KHMT03_DeCuong_16032026.pdf, page 16>
Package pdftex.def Info: 25D2-KL-KHMT03_DeCuong_16032026.pdf , page16 used on i
nput line 149.
(pdftex.def)             Requested size: 597.78697pt x 773.60669pt.
File: 25D2-KL-KHMT03_DeCuong_16032026.pdf Graphic file (type pdf)
<use 25D2-KL-KHMT03_DeCuong_16032026.pdf, page 16>
Package pdftex.def Info: 25D2-KL-KHMT03_DeCuong_16032026.pdf , page16 used on i
nput line 149.
(pdftex.def)             Requested size: 597.78697pt x 773.60669pt.
File: 25D2-KL-KHMT03_DeCuong_16032026.pdf Graphic file (type pdf)
<use 25D2-KL-KHMT03_DeCuong_16032026.pdf, page 16>
Package pdftex.def Info: 25D2-KL-KHMT03_DeCuong_16032026.pdf , page16 used on i
nput line 149.
(pdftex.def)             Requested size: 597.78697pt x 773.60669pt.
 [17 <./25D2-KL-KHMT03_DeCuong_16032026.pdf>]
<25D2-KL-KHMT03_DeCuong_16032026.pdf, id=399, page=17, 614.295pt x 794.97pt>
File: 25D2-KL-KHMT03_DeCuong_16032026.pdf Graphic file (type pdf)
<use 25D2-KL-KHMT03_DeCuong_16032026.pdf, page 17>
Package pdftex.def Info: 25D2-KL-KHMT03_DeCuong_16032026.pdf , page17 used on i
nput line 149.
(pdftex.def)             Requested size: 597.78697pt x 773.60669pt.
File: 25D2-KL-KHMT03_DeCuong_16032026.pdf Graphic file (type pdf)
<use 25D2-KL-KHMT03_DeCuong_16032026.pdf, page 17>
Package pdftex.def Info: 25D2-KL-KHMT03_DeCuong_16032026.pdf , page17 used on i
nput line 149.
(pdftex.def)             Requested size: 597.78697pt x 773.60669pt.
File: 25D2-KL-KHMT03_DeCuong_16032026.pdf Graphic file (type pdf)
<use 25D2-KL-KHMT03_DeCuong_16032026.pdf, page 17>
Package pdftex.def Info: 25D2-KL-KHMT03_DeCuong_16032026.pdf , page17 used on i
nput line 149.
(pdftex.def)             Requested size: 597.78697pt x 773.60669pt.
 [18 <./25D2-KL-KHMT03_DeCuong_16032026.pdf>]
<25D2-KL-KHMT03_DeCuong_16032026.pdf, id=404, page=18, 614.295pt x 794.97pt>
File: 25D2-KL-KHMT03_DeCuong_16032026.pdf Graphic file (type pdf)
<use 25D2-KL-KHMT03_DeCuong_16032026.pdf, page 18>
Package pdftex.def Info: 25D2-KL-KHMT03_DeCuong_16032026.pdf , page18 used on i
nput line 149.
(pdftex.def)             Requested size: 597.78697pt x 773.60669pt.
File: 25D2-KL-KHMT03_DeCuong_16032026.pdf Graphic file (type pdf)
<use 25D2-KL-KHMT03_DeCuong_16032026.pdf, page 18>
Package pdftex.def Info: 25D2-KL-KHMT03_DeCuong_16032026.pdf , page18 used on i
nput line 149.
(pdftex.def)             Requested size: 597.78697pt x 773.60669pt.
File: 25D2-KL-KHMT03_DeCuong_16032026.pdf Graphic file (type pdf)
<use 25D2-KL-KHMT03_DeCuong_16032026.pdf, page 18>
Package pdftex.def Info: 25D2-KL-KHMT03_DeCuong_16032026.pdf , page18 used on i
nput line 149.
(pdftex.def)             Requested size: 597.78697pt x 773.60669pt.
 [19 <./25D2-KL-KHMT03_DeCuong_16032026.pdf>] (output/main.acr) [20


]
(output/main.toc
LaTeX Font Info:    Trying to load font information for U+msa on input line 7.
 (/usr/share/texlive/texmf-dist/tex/latex/amsfonts/umsa.fd
File: umsa.fd 2013/01/14 v3.01 AMS symbols A
)
LaTeX Font Info:    Trying to load font information for U+msb on input line 7.

(/usr/share/texlive/texmf-dist/tex/latex/amsfonts/umsb.fd
File: umsb.fd 2013/01/14 v3.01 AMS symbols B
) [21

])
\tf@toc=\write9
\openout9 = `main.toc'.

 [22]
(output/main.lof)
\tf@lof=\write10
\openout10 = `main.lof'.

 [23

] (output/main.lot)
\tf@lot=\write11
\openout11 = `main.lot'.

 [24

]
\openout2 = `Appendix/tomtat.aux'.


No file Appendix/tomtat.tex.
\openout2 = `Chapter1/chapter1.aux'.

(./Chapter1/chapter1.tex
ChÆ°Æ¡ng 1.

pdfTeX warning (ext4): destination with the same identifier (name{page.1}) has 
been already used, duplicate ignored
<to be read again> 
                   \relax 
l.12 
      [1






]
<../images/intervention.jpg, id=548, 1199.23032pt x 383.18156pt>
File: ../images/intervention.jpg Graphic file (type jpg)
<use ../images/intervention.jpg>
Package pdftex.def Info: ../images/intervention.jpg  used on input line 17.
(pdftex.def)             Requested size: 364.19667pt x 116.36444pt.


LaTeX Warning: `h' float specifier changed to `ht'.


pdfTeX warning (ext4): destination with the same identifier (name{page.2}) has 
been already used, duplicate ignored
<to be read again> 
                   \relax 
l.23 
      [2] [3
pdfTeX warning (ext4): destination with the same identifier (name{figure.1.1}) 
has been already used, duplicate ignored
<argument> ...shipout:D \box_use:N \l_shipout_box 
                                                  \__shipout_drop_firstpage_...
l.27 
      <output/../images/intervention.jpg>] [4] [5] [6]

LaTeX Warning: Reference `Chapter4' on page 7 undefined on input line 62.


Overfull \hbox (7.432pt too wide) in paragraph at lines 71--72
\T5/cmr/bx/n/14.4 (Feature-space Ad-joint Meta-Learning At-tri-bu-tion) (FAMA)[
]\T5/cmr/m/n/14.4 ,
 []

[7]) [8]
\openout2 = `Chapter2/chapter2.aux'.

 (./Chapter2/chapter2.tex
ChÆ°Æ¡ng 2.

Package hyperref Warning: Token not allowed in a PDF string (Unicode):
(hyperref)                removing `\acrfull' on input line 6.

[9




]

Package hyperref Warning: Token not allowed in a PDF string (Unicode):
(hyperref)                removing `\acrfull' on input line 18.

[10]
<../images/meta_learning_human.jpg, id=675, 2693.32986pt x 1628.61972pt>
File: ../images/meta_learning_human.jpg Graphic file (type jpg)
<use ../images/meta_learning_human.jpg>
Package pdftex.def Info: ../images/meta_learning_human.jpg  used on input line 
27.
(pdftex.def)             Requested size: 364.19667pt x 220.20209pt.


LaTeX Warning: Reference `fig:meta_learning_obj' on page 11 undefined on input 
line 32.

[11
pdfTeX warning (ext4): destination with the same identifier (name{figure.2.1}) 
has been already used, duplicate ignored
<argument> ...shipout:D \box_use:N \l_shipout_box 
                                                  \__shipout_drop_firstpage_...
l.39 \begin{equation}
                     [h] <output/../images/meta_learning_human.jpg>]
<../images/meta_learning_obj.png, id=688, 924.5742pt x 424.9476pt>
File: ../images/meta_learning_obj.png Graphic file (type png)
<use ../images/meta_learning_obj.png>
Package pdftex.def Info: ../images/meta_learning_obj.png  used on input line 48
.
(pdftex.def)             Requested size: 364.19667pt x 167.38884pt.
 [12
pdfTeX warning (ext4): destination with the same identifier (name{figure.2.2}) 
has been already used, duplicate ignored
<argument> ...shipout:D \box_use:N \l_shipout_box 
                                                  \__shipout_drop_firstpage_...
l.54 
      <output/../images/meta_learning_obj.png>]
<images/repr_space.png, id=708, 924.5742pt x 368.577pt>
File: images/repr_space.png Graphic file (type png)
<use images/repr_space.png>
Package pdftex.def Info: images/repr_space.png  used on input line 61.
(pdftex.def)             Requested size: 455.24411pt x 181.48164pt.


LaTeX Warning: `h' float specifier changed to `ht'.


Package hyperref Warning: Token not allowed in a PDF string (Unicode):
(hyperref)                removing `\acrfull' on input line 66.

[13] [14
pdfTeX warning (ext4): destination with the same identifier (name{figure.2.3}) 
has been already used, duplicate ignored
<argument> ...shipout:D \box_use:N \l_shipout_box 
                                                  \__shipout_drop_firstpage_...
l.74 
      <./images/repr_space.png>] [15] [16] [17]

LaTeX Warning: Citation 'yao2019hierarchically' on page 18 undefined on input l
ine 96.


LaTeX Warning: Citation 'yao2020automated' on page 18 undefined on input line 9
6.


LaTeX Warning: Citation 'chen2021hetmaml' on page 18 undefined on input line 96
.


LaTeX Warning: Citation 'deleu2018negative' on page 18 undefined on input line 
98.

[18] [19]

LaTeX Warning: Citation 'smilkov2017smoothgrad' on page 20 undefined on input l
ine 109.


LaTeX Warning: Citation 'ribeiro2016lime' on page 20 undefined on input line 11
1.

[20] [21] [22]

LaTeX Warning: Citation 'pruthi2020estimating' on page 23 undefined on input li
ne 146.

[23]) [24]
\openout2 = `Chapter3/chapter3.aux'.

 (./Chapter3/chapter3.tex
ChÆ°Æ¡ng 3.
[25




] [26] [27] [28]
Overfull \hbox (1.66013pt too wide) in paragraph at lines 68--69
[]\T5/cmr/m/it/14.4 Qu¡ tr¼nh th½ch ùng nhanh cõa
 []


Overfull \hbox (22.66325pt too wide) in paragraph at lines 73--74
[]\T5/cmr/m/it/14.4 D÷îi Gi£ thuy¸t []1[],
 []

[29]
Overfull \hbox (3.3413pt too wide) in paragraph at lines 87--87
\T5/cmr/bx/n/17.28 gian ^^^°c tr÷ng cho Meta-Learning (Feature-space
 []


Package hyperref Warning: Token not allowed in a PDF string (Unicode):
(hyperref)                removing `\acrfull' on input line 87.


LaTeX Warning: Reference `eq:problem2_formal' on page 30 undefined on input lin
e 89.


LaTeX Warning: Citation 'finn2017maml' on page 30 undefined on input line 94.


LaTeX Warning: Citation 'rajeswaran2019imaml' on page 30 undefined on input lin
e 94.


LaTeX Warning: Reference `subsec:problem_attribution' on page 30 undefined on i
nput line 94.

[30] [31]

LaTeX Warning: Citation 'rajeswaran2019imaml' on page 32 undefined on input lin
e 135.


Package hyperref Warning: Token not allowed in a PDF string (Unicode):
(hyperref)                removing `math shift' on input line 137.


Package hyperref Warning: Token not allowed in a PDF string (Unicode):
(hyperref)                removing `subscript' on input line 137.


Package hyperref Warning: Token not allowed in a PDF string (Unicode):
(hyperref)                removing `math shift' on input line 137.


Package hyperref Warning: Token not allowed in a PDF string (Unicode):
(hyperref)                removing `math shift' on input line 137.


Package hyperref Warning: Token not allowed in a PDF string (Unicode):
(hyperref)                removing `math shift' on input line 137.


LaTeX Warning: Reference `subsec:gain_derivation' on page 32 undefined on input
 line 140.

[32]

LaTeX Warning: Reference `eq:problem2_formal' on page 33 undefined on input lin
e 162.


LaTeX Warning: Reference `eq:problem2_formal' on page 33 undefined on input lin
e 180.

[33]

LaTeX Warning: Reference `eq:problem2_formal' on page 34 undefined on input lin
e 194.


LaTeX Warning: Reference `subsec:posthoc_general' on page 34 undefined on input
 line 194.


LaTeX Warning: Reference `subsec:problem_attribution' on page 34 undefined on i
nput line 196.


LaTeX Warning: Citation 'finn2017maml' on page 34 undefined on input line 228.

[34]) [35]

Package biblatex Warning: Keyword 'Viet' not found on input line 180.


LaTeX Warning: Empty bibliography on input line 180.

LaTeX Font Info:    Trying to load font information for T5+cmtt on input line 1
85.
(/usr/share/texlive/texmf-dist/tex/latex/vntex/t5cmtt.fd
File: t5cmtt.fd 1999/05/25 v2.5h Standard LaTeX font definitions
)
Overfull \hbox (1.23013pt too wide) in paragraph at lines 185--185
\T5/cmr/m/n/14.4 with adap-tive hy-per-pa-ram-e-ters,'' \T5/cmr/m/it/14.4 Ad-va
nces in neu-ral in-for-ma-tion pro-
 []

[36



]
Overfull \hbox (2.03947pt too wide) in paragraph at lines 185--185
\T5/cmr/m/n/14.4 quickly for few-shot learn-ing,'' \T5/cmr/m/it/14.4 arXiv prep
rint arXiv:1707.09835\T5/cmr/m/n/14.4 , 2017. 
 []


Overfull \hbox (8.07362pt too wide) in paragraph at lines 185--185
[]\T5/cmr/m/n/14.4 Nichol, A., Achiam, J., and Schul-man, J., ``On first-order 
meta-learning
 []

[37]
Overfull \hbox (43.9328pt too wide) in paragraph at lines 185--185
\T5/cmr/m/n/14.4 pling for ex-pla-na-tion of black-box mod-els,'' \T5/cmr/m/it/
14.4 arXiv preprint arXiv:1806.07421\T5/cmr/m/n/14.4 ,
 []

[38] [39] [40]
\openout2 = `Appendix/appendix1.aux'.

 (./Appendix/appendix1.tex
Phá»¥ lá»¥c A.

Package hyperref Warning: Token not allowed in a PDF string (Unicode):
(hyperref)                removing `math shift' on input line 16.


Package hyperref Warning: Token not allowed in a PDF string (Unicode):
(hyperref)                removing `math shift' on input line 16.


Package hyperref Warning: Token not allowed in a PDF string (Unicode):
(hyperref)                removing `math shift' on input line 16.


Package hyperref Warning: Token not allowed in a PDF string (Unicode):
(hyperref)                removing `subscript' on input line 16.


Package hyperref Warning: Token not allowed in a PDF string (Unicode):
(hyperref)                removing `math shift' on input line 16.


Package hyperref Warning: Token not allowed in a PDF string (Unicode):
(hyperref)                removing `math shift' on input line 24.


Package hyperref Warning: Token not allowed in a PDF string (Unicode):
(hyperref)                removing `math shift' on input line 24.


Package hyperref Warning: Token not allowed in a PDF string (Unicode):
(hyperref)                removing `math shift' on input line 24.


Package hyperref Warning: Token not allowed in a PDF string (Unicode):
(hyperref)                removing `subscript' on input line 24.


Package hyperref Warning: Token not allowed in a PDF string (Unicode):
(hyperref)                removing `\alpha' on input line 24.


Package hyperref Warning: Token not allowed in a PDF string (Unicode):
(hyperref)                removing `superscript' on input line 24.


Package hyperref Warning: Token not allowed in a PDF string (Unicode):
(hyperref)                removing `math shift' on input line 24.

[41


]) [42] (output/main.aux (output/Appendix/thanks.aux)
(output/Appendix/tomtat.aux) (output/Chapter1/chapter1.aux)
(output/Chapter2/chapter2.aux) (output/Chapter3/chapter3.aux)
(output/Appendix/appendix1.aux))

LaTeX Warning: There were undefined references.


LaTeX Warning: There were multiply-defined labels.

Package rerunfilecheck Info: File `main.out' has not changed.
(rerunfilecheck)             Checksum: 2AF414FD73F83F390EFE8E118E36B6E3;8076.
Package logreq Info: Writing requests to 'main.run.xml'.
\openout1 = `main.run.xml'.

 ) 
Here is how much of TeX's memory you used:
 37142 strings out of 477466
 693137 string characters out of 5828687
 1864330 words of memory out of 5000000
 56587 multiletter control sequences out of 15000+600000
 525148 words of font info for 55 fonts, out of 8000000 for 9000
 309 hyphenation exceptions out of 8191
 94i,26n,90p,2995b,1502s stack positions out of 10000i,1000n,20000p,200000b,200000s
{/usr/share/texmf/fonts/enc/dvips/cm-super/cm-super-ts1.enc}</usr/share/texli
ve/texmf-dist/fonts/type1/public/amsfonts/cm/cmex10.pfb></usr/share/texlive/tex
mf-dist/fonts/type1/public/amsfonts/cm/cmmi10.pfb></usr/share/texlive/texmf-dis
t/fonts/type1/public/amsfonts/cm/cmmi12.pfb></usr/share/texlive/texmf-dist/font
s/type1/public/amsfonts/cm/cmmi5.pfb></usr/share/texlive/texmf-dist/fonts/type1
/public/amsfonts/cm/cmmi7.pfb></usr/share/texlive/texmf-dist/fonts/type1/public
/amsfonts/cm/cmmi8.pfb></usr/share/texlive/texmf-dist/fonts/type1/public/amsfon
ts/cm/cmr10.pfb></usr/share/texlive/texmf-dist/fonts/type1/public/amsfonts/cm/c
mr12.pfb></usr/share/texlive/texmf-dist/fonts/type1/public/amsfonts/cm/cmr5.pfb
></usr/share/texlive/texmf-dist/fonts/type1/public/amsfonts/cm/cmr7.pfb></usr/s
hare/texlive/texmf-dist/fonts/type1/public/amsfonts/cm/cmsy10.pfb></usr/share/t
exlive/texmf-dist/fonts/type1/public/amsfonts/cm/cmsy7.pfb></usr/share/texlive/
texmf-dist/fonts/type1/public/amsfonts/symbols/msam10.pfb></usr/share/texlive/t
exmf-dist/fonts/type1/public/amsfonts/symbols/msbm10.pfb></usr/share/texmf/font
s/type1/public/cm-super/sfrm1440.pfb></usr/share/texlive/texmf-dist/fonts/type1
/vntex/vnr/vnbx10.pfb></usr/share/texlive/texmf-dist/fonts/type1/vntex/vnr/vnbx
12.pfb></usr/share/texlive/texmf-dist/fonts/type1/vntex/vnr/vnbxti10.pfb></usr/
share/texlive/texmf-dist/fonts/type1/vntex/vnr/vnr10.pfb></usr/share/texlive/te
xmf-dist/fonts/type1/vntex/vnr/vnr12.pfb></usr/share/texlive/texmf-dist/fonts/t
ype1/vntex/vnr/vnr17.pfb></usr/share/texlive/texmf-dist/fonts/type1/vntex/vnr/v
nr8.pfb></usr/share/texlive/texmf-dist/fonts/type1/vntex/vnr/vnti12.pfb></usr/s
hare/texlive/texmf-dist/fonts/type1/vntex/vnr/vntt12.pfb>
Output written on output/main.pdf (68 pages, 2064565 bytes).
PDF statistics:
 1114 PDF objects out of 1200 (max. 8388607)
 933 compressed objects within 10 object streams
 178 named destinations out of 1000 (max. 500000)
 450 words of extra memory for PDF output out of 10000 (max. 10000000)

